{
    "Run with profile test": {
        "content": [
            23,
            {
                "BCFTOOLS_STATS": {
                    "bcftools": 1.2
                },
                "BWAMEM1_MEM": {
                    "bwa": "0.7.18-r1243-dirty",
                    "samtools": 1.2
                },
                "FASTQC": {
                    "fastqc": "0.12.1"
                },
                "GATK4_APPLYBQSR": {
                    "gatk4": "4.5.0.0"
                },
                "GATK4_BASERECALIBRATOR": {
                    "gatk4": "4.5.0.0"
                },
                "GATK4_MARKDUPLICATES": {
                    "gatk4": "4.5.0.0",
                    "samtools": "1.19.2"
                },
                "INDEX_CRAM": {
                    "samtools": 1.21
                },
                "MOSDEPTH": {
                    "mosdepth": "0.3.8"
                },
                "SAMTOOLS_STATS": {
                    "samtools": 1.21
                },
                "STRELKA_SINGLE": {
                    "strelka": "2.9.10"
                },
                "VCFTOOLS_TSTV_COUNT": {
                    "vcftools": "0.1.16"
                },
                "Workflow": {
                    "nf-core/sarek": "v3.5.0dev"
                }
            },
            [
                "csv",
                "csv/markduplicates.csv",
                "csv/markduplicates_no_table.csv",
                "csv/recalibrated.csv",
                "csv/variantcalled.csv",
                "multiqc",
                "multiqc/multiqc_data",
                "multiqc/multiqc_data/bcftools_stats_indel-lengths.txt",
                "multiqc/multiqc_data/bcftools_stats_vqc_Count_Indels.txt",
                "multiqc/multiqc_data/bcftools_stats_vqc_Count_SNP.txt",
                "multiqc/multiqc_data/bcftools_stats_vqc_Count_Transitions.txt",
                "multiqc/multiqc_data/bcftools_stats_vqc_Count_Transversions.txt",
                "multiqc/multiqc_data/fastqc-status-check-heatmap.txt",
                "multiqc/multiqc_data/fastqc_adapter_content_plot.txt",
                "multiqc/multiqc_data/fastqc_per_base_n_content_plot.txt",
                "multiqc/multiqc_data/fastqc_per_base_sequence_quality_plot.txt",
                "multiqc/multiqc_data/fastqc_per_sequence_gc_content_plot_Counts.txt",
                "multiqc/multiqc_data/fastqc_per_sequence_gc_content_plot_Percentages.txt",
                "multiqc/multiqc_data/fastqc_per_sequence_quality_scores_plot.txt",
                "multiqc/multiqc_data/fastqc_sequence_counts_plot.txt",
                "multiqc/multiqc_data/fastqc_sequence_duplication_levels_plot.txt",
                "multiqc/multiqc_data/fastqc_sequence_length_distribution_plot.txt",
                "multiqc/multiqc_data/fastqc_top_overrepresented_sequences_table.txt",
                "multiqc/multiqc_data/gatk-base-recalibrator-quality-scores-plot_Pre-recalibration_Count.txt",
                "multiqc/multiqc_data/gatk-base-recalibrator-quality-scores-plot_Pre-recalibration_Percent.txt",
                "multiqc/multiqc_data/gatk-base-recalibrator-reported-empirical-plot.txt",
                "multiqc/multiqc_data/gatk_base_recalibrator.txt",
                "multiqc/multiqc_data/mosdepth-coverage-per-contig-single.txt",
                "multiqc/multiqc_data/mosdepth-cumcoverage-dist-id.txt",
                "multiqc/multiqc_data/mosdepth_cov_dist.txt",
                "multiqc/multiqc_data/mosdepth_cumcov_dist.txt",
                "multiqc/multiqc_data/mosdepth_perchrom.txt",
                "multiqc/multiqc_data/multiqc.log",
                "multiqc/multiqc_data/multiqc_bcftools_stats.txt",
                "multiqc/multiqc_data/multiqc_citations.txt",
                "multiqc/multiqc_data/multiqc_data.json",
                "multiqc/multiqc_data/multiqc_fastqc.txt",
                "multiqc/multiqc_data/multiqc_general_stats.txt",
                "multiqc/multiqc_data/multiqc_picard_dups.txt",
                "multiqc/multiqc_data/multiqc_samtools_stats.txt",
                "multiqc/multiqc_data/multiqc_software_versions.txt",
                "multiqc/multiqc_data/multiqc_sources.txt",
                "multiqc/multiqc_data/picard_deduplication.txt",
                "multiqc/multiqc_data/picard_histogram.txt",
                "multiqc/multiqc_data/picard_histogram_1.txt",
                "multiqc/multiqc_data/picard_histogram_2.txt",
                "multiqc/multiqc_data/samtools-stats-dp.txt",
                "multiqc/multiqc_data/samtools_alignment_plot.txt",
                "multiqc/multiqc_data/vcftools_tstv_by_count.txt",
                "multiqc/multiqc_data/vcftools_tstv_by_qual.txt",
                "multiqc/multiqc_plots",
                "multiqc/multiqc_plots/pdf",
                "multiqc/multiqc_plots/pdf/bcftools_stats_indel-lengths.pdf",
                "multiqc/multiqc_plots/pdf/bcftools_stats_vqc_Count_Indels.pdf",
                "multiqc/multiqc_plots/pdf/bcftools_stats_vqc_Count_SNP.pdf",
                "multiqc/multiqc_plots/pdf/bcftools_stats_vqc_Count_Transitions.pdf",
                "multiqc/multiqc_plots/pdf/bcftools_stats_vqc_Count_Transversions.pdf",
                "multiqc/multiqc_plots/pdf/fastqc-status-check-heatmap.pdf",
                "multiqc/multiqc_plots/pdf/fastqc_adapter_content_plot.pdf",
                "multiqc/multiqc_plots/pdf/fastqc_per_base_n_content_plot.pdf",
                "multiqc/multiqc_plots/pdf/fastqc_per_base_sequence_quality_plot.pdf",
                "multiqc/multiqc_plots/pdf/fastqc_per_sequence_gc_content_plot_Counts.pdf",
                "multiqc/multiqc_plots/pdf/fastqc_per_sequence_gc_content_plot_Percentages.pdf",
                "multiqc/multiqc_plots/pdf/fastqc_per_sequence_quality_scores_plot.pdf",
                "multiqc/multiqc_plots/pdf/fastqc_sequence_counts_plot-cnt.pdf",
                "multiqc/multiqc_plots/pdf/fastqc_sequence_counts_plot-pct.pdf",
                "multiqc/multiqc_plots/pdf/fastqc_sequence_duplication_levels_plot.pdf",
                "multiqc/multiqc_plots/pdf/fastqc_sequence_length_distribution_plot.pdf",
                "multiqc/multiqc_plots/pdf/fastqc_top_overrepresented_sequences_table.pdf",
                "multiqc/multiqc_plots/pdf/gatk-base-recalibrator-quality-scores-plot_Pre-recalibration_Count.pdf",
                "multiqc/multiqc_plots/pdf/gatk-base-recalibrator-quality-scores-plot_Pre-recalibration_Percent.pdf",
                "multiqc/multiqc_plots/pdf/gatk-base-recalibrator-reported-empirical-plot.pdf",
                "multiqc/multiqc_plots/pdf/general_stats_table.pdf",
                "multiqc/multiqc_plots/pdf/mosdepth-coverage-per-contig-single-cnt.pdf",
                "multiqc/multiqc_plots/pdf/mosdepth-coverage-per-contig-single-pct.pdf",
                "multiqc/multiqc_plots/pdf/mosdepth-cumcoverage-dist-id.pdf",
                "multiqc/multiqc_plots/pdf/picard_deduplication-cnt.pdf",
                "multiqc/multiqc_plots/pdf/picard_deduplication-pct.pdf",
                "multiqc/multiqc_plots/pdf/samtools-stats-dp.pdf",
                "multiqc/multiqc_plots/pdf/samtools_alignment_plot-cnt.pdf",
                "multiqc/multiqc_plots/pdf/samtools_alignment_plot-pct.pdf",
                "multiqc/multiqc_plots/pdf/vcftools_tstv_by_count.pdf",
                "multiqc/multiqc_plots/pdf/vcftools_tstv_by_qual.pdf",
                "multiqc/multiqc_plots/png",
                "multiqc/multiqc_plots/png/bcftools_stats_indel-lengths.png",
                "multiqc/multiqc_plots/png/bcftools_stats_vqc_Count_Indels.png",
                "multiqc/multiqc_plots/png/bcftools_stats_vqc_Count_SNP.png",
                "multiqc/multiqc_plots/png/bcftools_stats_vqc_Count_Transitions.png",
                "multiqc/multiqc_plots/png/bcftools_stats_vqc_Count_Transversions.png",
                "multiqc/multiqc_plots/png/fastqc-status-check-heatmap.png",
                "multiqc/multiqc_plots/png/fastqc_adapter_content_plot.png",
                "multiqc/multiqc_plots/png/fastqc_per_base_n_content_plot.png",
                "multiqc/multiqc_plots/png/fastqc_per_base_sequence_quality_plot.png",
                "multiqc/multiqc_plots/png/fastqc_per_sequence_gc_content_plot_Counts.png",
                "multiqc/multiqc_plots/png/fastqc_per_sequence_gc_content_plot_Percentages.png",
                "multiqc/multiqc_plots/png/fastqc_per_sequence_quality_scores_plot.png",
                "multiqc/multiqc_plots/png/fastqc_sequence_counts_plot-cnt.png",
                "multiqc/multiqc_plots/png/fastqc_sequence_counts_plot-pct.png",
                "multiqc/multiqc_plots/png/fastqc_sequence_duplication_levels_plot.png",
                "multiqc/multiqc_plots/png/fastqc_sequence_length_distribution_plot.png",
                "multiqc/multiqc_plots/png/fastqc_top_overrepresented_sequences_table.png",
                "multiqc/multiqc_plots/png/gatk-base-recalibrator-quality-scores-plot_Pre-recalibration_Count.png",
                "multiqc/multiqc_plots/png/gatk-base-recalibrator-quality-scores-plot_Pre-recalibration_Percent.png",
                "multiqc/multiqc_plots/png/gatk-base-recalibrator-reported-empirical-plot.png",
                "multiqc/multiqc_plots/png/general_stats_table.png",
                "multiqc/multiqc_plots/png/mosdepth-coverage-per-contig-single-cnt.png",
                "multiqc/multiqc_plots/png/mosdepth-coverage-per-contig-single-pct.png",
                "multiqc/multiqc_plots/png/mosdepth-cumcoverage-dist-id.png",
                "multiqc/multiqc_plots/png/picard_deduplication-cnt.png",
                "multiqc/multiqc_plots/png/picard_deduplication-pct.png",
                "multiqc/multiqc_plots/png/samtools-stats-dp.png",
                "multiqc/multiqc_plots/png/samtools_alignment_plot-cnt.png",
                "multiqc/multiqc_plots/png/samtools_alignment_plot-pct.png",
                "multiqc/multiqc_plots/png/vcftools_tstv_by_count.png",
                "multiqc/multiqc_plots/png/vcftools_tstv_by_qual.png",
                "multiqc/multiqc_plots/svg",
                "multiqc/multiqc_plots/svg/bcftools_stats_indel-lengths.svg",
                "multiqc/multiqc_plots/svg/bcftools_stats_vqc_Count_Indels.svg",
                "multiqc/multiqc_plots/svg/bcftools_stats_vqc_Count_SNP.svg",
                "multiqc/multiqc_plots/svg/bcftools_stats_vqc_Count_Transitions.svg",
                "multiqc/multiqc_plots/svg/bcftools_stats_vqc_Count_Transversions.svg",
                "multiqc/multiqc_plots/svg/fastqc-status-check-heatmap.svg",
                "multiqc/multiqc_plots/svg/fastqc_adapter_content_plot.svg",
                "multiqc/multiqc_plots/svg/fastqc_per_base_n_content_plot.svg",
                "multiqc/multiqc_plots/svg/fastqc_per_base_sequence_quality_plot.svg",
                "multiqc/multiqc_plots/svg/fastqc_per_sequence_gc_content_plot_Counts.svg",
                "multiqc/multiqc_plots/svg/fastqc_per_sequence_gc_content_plot_Percentages.svg",
                "multiqc/multiqc_plots/svg/fastqc_per_sequence_quality_scores_plot.svg",
                "multiqc/multiqc_plots/svg/fastqc_sequence_counts_plot-cnt.svg",
                "multiqc/multiqc_plots/svg/fastqc_sequence_counts_plot-pct.svg",
                "multiqc/multiqc_plots/svg/fastqc_sequence_duplication_levels_plot.svg",
                "multiqc/multiqc_plots/svg/fastqc_sequence_length_distribution_plot.svg",
                "multiqc/multiqc_plots/svg/fastqc_top_overrepresented_sequences_table.svg",
                "multiqc/multiqc_plots/svg/gatk-base-recalibrator-quality-scores-plot_Pre-recalibration_Count.svg",
                "multiqc/multiqc_plots/svg/gatk-base-recalibrator-quality-scores-plot_Pre-recalibration_Percent.svg",
                "multiqc/multiqc_plots/svg/gatk-base-recalibrator-reported-empirical-plot.svg",
                "multiqc/multiqc_plots/svg/general_stats_table.svg",
                "multiqc/multiqc_plots/svg/mosdepth-coverage-per-contig-single-cnt.svg",
                "multiqc/multiqc_plots/svg/mosdepth-coverage-per-contig-single-pct.svg",
                "multiqc/multiqc_plots/svg/mosdepth-cumcoverage-dist-id.svg",
                "multiqc/multiqc_plots/svg/picard_deduplication-cnt.svg",
                "multiqc/multiqc_plots/svg/picard_deduplication-pct.svg",
                "multiqc/multiqc_plots/svg/samtools-stats-dp.svg",
                "multiqc/multiqc_plots/svg/samtools_alignment_plot-cnt.svg",
                "multiqc/multiqc_plots/svg/samtools_alignment_plot-pct.svg",
                "multiqc/multiqc_plots/svg/vcftools_tstv_by_count.svg",
                "multiqc/multiqc_plots/svg/vcftools_tstv_by_qual.svg",
                "multiqc/multiqc_report.html",
                "pipeline_info",
                "pipeline_info/nf_core_sarek_software_mqc_versions.yml",
                "preprocessing",
                "preprocessing/markduplicates",
                "preprocessing/markduplicates/test",
                "preprocessing/markduplicates/test/test.md.cram",
                "preprocessing/markduplicates/test/test.md.cram.crai",
                "preprocessing/recal_table",
                "preprocessing/recal_table/test",
                "preprocessing/recal_table/test/test.recal.table",
                "preprocessing/recalibrated",
                "preprocessing/recalibrated/test",
                "preprocessing/recalibrated/test/test.recal.cram",
                "preprocessing/recalibrated/test/test.recal.cram.crai",
                "reference",
                "reports",
                "reports/bcftools",
                "reports/bcftools/strelka",
                "reports/bcftools/strelka/test",
                "reports/bcftools/strelka/test/test.strelka.variants.bcftools_stats.txt",
                "reports/fastqc",
                "reports/fastqc/test-test_L1",
                "reports/fastqc/test-test_L1/test-test_L1_1_fastqc.html",
                "reports/fastqc/test-test_L1/test-test_L1_1_fastqc.zip",
                "reports/fastqc/test-test_L1/test-test_L1_2_fastqc.html",
                "reports/fastqc/test-test_L1/test-test_L1_2_fastqc.zip",
                "reports/fastqc/test-test_L2",
                "reports/fastqc/test-test_L2/test-test_L2_1_fastqc.html",
                "reports/fastqc/test-test_L2/test-test_L2_1_fastqc.zip",
                "reports/fastqc/test-test_L2/test-test_L2_2_fastqc.html",
                "reports/fastqc/test-test_L2/test-test_L2_2_fastqc.zip",
                "reports/markduplicates",
                "reports/markduplicates/test",
                "reports/markduplicates/test/test.md.cram.metrics",
                "reports/mosdepth",
                "reports/mosdepth/test",
                "reports/mosdepth/test/test.md.mosdepth.global.dist.txt",
                "reports/mosdepth/test/test.md.mosdepth.region.dist.txt",
                "reports/mosdepth/test/test.md.mosdepth.summary.txt",
                "reports/mosdepth/test/test.md.regions.bed.gz",
                "reports/mosdepth/test/test.md.regions.bed.gz.csi",
                "reports/mosdepth/test/test.recal.mosdepth.global.dist.txt",
                "reports/mosdepth/test/test.recal.mosdepth.region.dist.txt",
                "reports/mosdepth/test/test.recal.mosdepth.summary.txt",
                "reports/mosdepth/test/test.recal.regions.bed.gz",
                "reports/mosdepth/test/test.recal.regions.bed.gz.csi",
                "reports/samtools",
                "reports/samtools/test",
                "reports/samtools/test/test.md.cram.stats",
                "reports/samtools/test/test.recal.cram.stats",
                "reports/vcftools",
                "reports/vcftools/strelka",
                "reports/vcftools/strelka/test",
                "reports/vcftools/strelka/test/test.strelka.variants.FILTER.summary",
                "reports/vcftools/strelka/test/test.strelka.variants.TsTv.count",
                "reports/vcftools/strelka/test/test.strelka.variants.TsTv.qual",
                "variant_calling",
                "variant_calling/strelka",
                "variant_calling/strelka/test",
                "variant_calling/strelka/test/test.strelka.genome.vcf.gz",
                "variant_calling/strelka/test/test.strelka.genome.vcf.gz.tbi",
                "variant_calling/strelka/test/test.strelka.variants.vcf.gz",
                "variant_calling/strelka/test/test.strelka.variants.vcf.gz.tbi"
            ],
            [
                "bcftools_stats_indel-lengths.txt:md5,deccb75341ca46a6f09658f7fd9e348b",
                "bcftools_stats_vqc_Count_Indels.txt:md5,7b2a64880b653ccf0400ed9073e290dd",
                "bcftools_stats_vqc_Count_SNP.txt:md5,72e934e0e8ed9b9712105bbd66dd9ffd",
                "bcftools_stats_vqc_Count_Transitions.txt:md5,72e934e0e8ed9b9712105bbd66dd9ffd",
                "bcftools_stats_vqc_Count_Transversions.txt:md5,72e934e0e8ed9b9712105bbd66dd9ffd",
                "fastqc-status-check-heatmap.txt:md5,a020b9689ddeb4abec16b4854fe452f1",
                "fastqc_adapter_content_plot.txt:md5,2e1b72be741319e7fadbbb39d7e5b37d",
                "fastqc_per_base_n_content_plot.txt:md5,ad3b971a6bb4e8ba6c844c8a03584eb8",
                "fastqc_per_base_sequence_quality_plot.txt:md5,1bc03889d243a944253ac637d81ae10c",
                "fastqc_per_sequence_gc_content_plot_Counts.txt:md5,2c42d140ce06c08dad2b58f397c23239",
                "fastqc_per_sequence_gc_content_plot_Percentages.txt:md5,59e22821d350bfb97c37ffd9088f5ad9",
                "fastqc_per_sequence_quality_scores_plot.txt:md5,f33615cc98bb6225f39545a415fa7c0f",
                "fastqc_sequence_counts_plot.txt:md5,7f0f19a58e8e54e792a751fd04a9ae13",
                "fastqc_sequence_duplication_levels_plot.txt:md5,92b02e250ff78725deb9a10d510fcecc",
                "fastqc_sequence_length_distribution_plot.txt:md5,fb04dce68ec566314125bc9438211b28",
                "fastqc_top_overrepresented_sequences_table.txt:md5,d41d8cd98f00b204e9800998ecf8427e",
                "gatk-base-recalibrator-quality-scores-plot_Pre-recalibration_Count.txt:md5,20b2630a7400c9c279bf8c0c66341f7d",
                "gatk-base-recalibrator-quality-scores-plot_Pre-recalibration_Percent.txt:md5,b9b943621e50c7f3e75a37871667d5ed",
                "gatk-base-recalibrator-reported-empirical-plot.txt:md5,52bbf351c6e3894d8fc2e978c4af4636",
                "mosdepth-coverage-per-contig-single.txt:md5,264db67a99d2c90ea7b075e33c201b77",
                "mosdepth-cumcoverage-dist-id.txt:md5,5235e965da7ebe3bfebb24ffa88defff",
                "mosdepth_cov_dist.txt:md5,8d0d7cb485a7bffb07da17b28f827120",
                "mosdepth_cumcov_dist.txt:md5,8d0d7cb485a7bffb07da17b28f827120",
                "mosdepth_perchrom.txt:md5,264db67a99d2c90ea7b075e33c201b77",
                "multiqc_bcftools_stats.txt:md5,103ba59d44fc60e9308e64bbd0d0e504",
                "multiqc_citations.txt:md5,ace4ca89138a5f1e2be289c157c00bd9",
                "multiqc_fastqc.txt:md5,bde0d0bffa62228b33fb68b7e25b6ff8",
                "multiqc_samtools_stats.txt:md5,0f1e4c6c497d9a952765f9f3068ea4b9",
                "picard_histogram.txt:md5,d41d8cd98f00b204e9800998ecf8427e",
                "picard_histogram_1.txt:md5,d41d8cd98f00b204e9800998ecf8427e",
                "picard_histogram_2.txt:md5,d41d8cd98f00b204e9800998ecf8427e",
                "samtools-stats-dp.txt:md5,c94f4d3ffa3f510552f90e173fdd9f9d",
                "samtools_alignment_plot.txt:md5,717f499a3543e7ee4c7a8454bf80aeca",
                "vcftools_tstv_by_count.txt:md5,50efc5214fe2c39f21efb66a710d2ed6",
                "vcftools_tstv_by_qual.txt:md5,911bc05c5169149dbb0b068f65b4274a",
                "bcftools_stats_indel-lengths.pdf:md5,2dd9efd12e23de43aedb6fac90cecfdc",
                "bcftools_stats_vqc_Count_Indels.pdf:md5,de8c91060378bcb7bff2c50c2f7bff3e",
                "bcftools_stats_vqc_Count_SNP.pdf:md5,b9b5ad48526e00968dc4f24ec5a0ad99",
                "bcftools_stats_vqc_Count_Transitions.pdf:md5,3cdd6e9f2bb7623eb011fddf88e64ea1",
                "bcftools_stats_vqc_Count_Transversions.pdf:md5,41e2504dbb52a590ce688b9ac233ff64",
                "fastqc-status-check-heatmap.pdf:md5,509592cb0a6e6af32f73110b4049b00e",
                "fastqc_adapter_content_plot.pdf:md5,ef71de936e1eb249c94b575e57d102d5",
                "fastqc_per_base_n_content_plot.pdf:md5,0ccd8075ee5162acc92ff79308034b04",
                "fastqc_per_base_sequence_quality_plot.pdf:md5,a26e3ce2e3a75cc9690eef4c1bf53db0",
                "fastqc_per_sequence_gc_content_plot_Counts.pdf:md5,d2f39dfff8c206b9ad8b249cbb1aad9a",
                "fastqc_per_sequence_gc_content_plot_Percentages.pdf:md5,6b0d5f18041ba6c89fd0a3718411aaff",
                "fastqc_per_sequence_quality_scores_plot.pdf:md5,d7f3f7ce7c70e1f444a78f62fb17c448",
                "fastqc_sequence_counts_plot-cnt.pdf:md5,4704e7b74b55ce15fce3ae474d131902",
                "fastqc_sequence_counts_plot-pct.pdf:md5,191e74fcdb5c80731a06311391573f54",
                "fastqc_sequence_duplication_levels_plot.pdf:md5,108f9acf4c7279ae291505a8110690d8",
                "fastqc_sequence_length_distribution_plot.pdf:md5,7644bf96b477ed95859448182c614740",
                "fastqc_top_overrepresented_sequences_table.pdf:md5,d573d8673931447977f9851e3f8d775a",
                "gatk-base-recalibrator-quality-scores-plot_Pre-recalibration_Count.pdf:md5,b406df8d5562a65bfb2a29bce85cfb7e",
                "gatk-base-recalibrator-quality-scores-plot_Pre-recalibration_Percent.pdf:md5,31e258855a3dac5226d19f6696d4880c",
                "gatk-base-recalibrator-reported-empirical-plot.pdf:md5,71deb29880992f32fd28c66decd5d63d",
                "general_stats_table.pdf:md5,153b0257882f556cd581f1f232bfd7c5",
                "mosdepth-coverage-per-contig-single-cnt.pdf:md5,bf87d445213af70d860e7cba54fb9d2f",
                "mosdepth-coverage-per-contig-single-pct.pdf:md5,d33338b5f6bc10b1dfe721d7fa8c3eb0",
                "mosdepth-cumcoverage-dist-id.pdf:md5,42fa7df2cc2243118309fb6c19fb530f",
                "picard_deduplication-cnt.pdf:md5,e6703f1b97df86ad670ffd41ba7d3d44",
                "picard_deduplication-pct.pdf:md5,c53b41c2d87e372d09c2669c09856a6f",
                "samtools-stats-dp.pdf:md5,2c35a8a9f2c627807633946e500baee5",
                "samtools_alignment_plot-cnt.pdf:md5,7e77b3359f878b18cc67a4eb02ac004b",
                "samtools_alignment_plot-pct.pdf:md5,48b1566764cf6613c75761992695f985",
                "vcftools_tstv_by_count.pdf:md5,b3b79e090d396e3b57204ec238c4fc5c",
                "vcftools_tstv_by_qual.pdf:md5,77e8cc111b1558b7e19fa9c6d7273f25",
                "bcftools_stats_indel-lengths.png:md5,7da61a07cfccdcb0816b508eee84b344",
                "bcftools_stats_vqc_Count_Indels.png:md5,0b948fe27a6ba3a63cac2407657d9d9a",
                "bcftools_stats_vqc_Count_SNP.png:md5,214564585b4bff3cb9ee448663b0d407",
                "bcftools_stats_vqc_Count_Transitions.png:md5,806565bd96149e1fe3d2991295f6154c",
                "bcftools_stats_vqc_Count_Transversions.png:md5,968abd1e144c7145fe2aa13ddbcd3eb7",
                "fastqc-status-check-heatmap.png:md5,1114ded4fb44540a8ec5159fb71033de",
                "fastqc_adapter_content_plot.png:md5,bdaa8831ade89a19b4c6611f35cf8846",
                "fastqc_per_base_n_content_plot.png:md5,2097d86285cd20d9ca39ef9f9db37cfa",
                "fastqc_per_base_sequence_quality_plot.png:md5,8667aa66aadae1dfbe4e5a43392447fb",
                "fastqc_per_sequence_gc_content_plot_Counts.png:md5,408a71177180fe7a272bd0042f9dca99",
                "fastqc_per_sequence_gc_content_plot_Percentages.png:md5,a903f769669f99c0659e01da81e39b65",
                "fastqc_per_sequence_quality_scores_plot.png:md5,03cab59157a5beb3b18c6033d5801c76",
                "fastqc_sequence_counts_plot-cnt.png:md5,850340a7d839f8e25880ebdffa8aabbb",
                "fastqc_sequence_counts_plot-pct.png:md5,c3819cef9fd00c833d44199eb1c17999",
                "fastqc_sequence_duplication_levels_plot.png:md5,99435102fc0d351f80fd77b743aaeb62",
                "fastqc_sequence_length_distribution_plot.png:md5,4bb7a9e3ca1b77739ed12eef61743885",
                "fastqc_top_overrepresented_sequences_table.png:md5,5905f81842123dabc950e0f183f80725",
                "gatk-base-recalibrator-quality-scores-plot_Pre-recalibration_Count.png:md5,10c941465bee45ec6ef41c9edcf53c90",
                "gatk-base-recalibrator-quality-scores-plot_Pre-recalibration_Percent.png:md5,99ba79576b0f197a11411b8ca3e46656",
                "gatk-base-recalibrator-reported-empirical-plot.png:md5,0a908ea7ecb19cced29e473440acdb29",
                "general_stats_table.png:md5,e58b028ceac2ef821eb518fcf8cc8d2f",
                "mosdepth-coverage-per-contig-single-cnt.png:md5,961ffc2fa00922f7f7310ec0e6972c8e",
                "mosdepth-coverage-per-contig-single-pct.png:md5,0211b26857513888980624af727e1e6f",
                "mosdepth-cumcoverage-dist-id.png:md5,8dad0d0233f5c03933483ef9a4d40eb1",
                "picard_deduplication-cnt.png:md5,492c0bc1bd2a8bba5166b6d115eabf2c",
                "picard_deduplication-pct.png:md5,e20e03d15ce91de39676e9477b3ff3cb",
                "samtools-stats-dp.png:md5,3a78427c2e46117f4a3e774129d2a118",
                "samtools_alignment_plot-cnt.png:md5,11c87333a38f7e744d9b58ac485cfa3a",
                "samtools_alignment_plot-pct.png:md5,28cef933a83ba7b024ab8dbfdd7a5608",
                "vcftools_tstv_by_count.png:md5,ca76b833d6ad03b16c0384a7be8d99ed",
                "vcftools_tstv_by_qual.png:md5,bf48f07becb456d77fb08d812d198f25",
                "bcftools_stats_indel-lengths.svg:md5,27385adcbdd6a6be3ce6e40b83d03438",
                "bcftools_stats_vqc_Count_Indels.svg:md5,1cc0a45beaa10a8ced08ff6abbe65e94",
                "bcftools_stats_vqc_Count_SNP.svg:md5,28c146447c203590b90e99583faf3abb",
                "bcftools_stats_vqc_Count_Transitions.svg:md5,6af58ba42a77ea1dcadc9cefa53cb89c",
                "bcftools_stats_vqc_Count_Transversions.svg:md5,8d9a0b25e106cf32ab5546fd648c9f1e",
                "fastqc-status-check-heatmap.svg:md5,102cac43a926617bbc28031bc1bb3dd8",
                "fastqc_adapter_content_plot.svg:md5,676e66839de5a65bad1f2c30c932ac1e",
                "fastqc_per_base_n_content_plot.svg:md5,2699bd7044871233d20920fa2461caf8",
                "fastqc_per_base_sequence_quality_plot.svg:md5,c75e0afecf4bebbc8e4e768bee03f001",
                "fastqc_per_sequence_gc_content_plot_Counts.svg:md5,358dd3b8d263e6e27a7e9f41e667472b",
                "fastqc_per_sequence_gc_content_plot_Percentages.svg:md5,9c4fdd89fb8f4b9ffec876b28a87bed0",
                "fastqc_per_sequence_quality_scores_plot.svg:md5,9be721b49d09e66fadcc746dfa870770",
                "fastqc_sequence_counts_plot-cnt.svg:md5,0c1292ef8ff0263999101b997b5433f6",
                "fastqc_sequence_counts_plot-pct.svg:md5,68a189aac5b2a2be971c2fdb594d81c1",
                "fastqc_sequence_duplication_levels_plot.svg:md5,cf96e6ab9eb5ccf76676a79b6c95f1ec",
                "fastqc_sequence_length_distribution_plot.svg:md5,07dca82d6d8bc7177989eb7c0e9a023b",
                "fastqc_top_overrepresented_sequences_table.svg:md5,535a4c2e8382c2455486ffb7d3f44ecd",
                "gatk-base-recalibrator-quality-scores-plot_Pre-recalibration_Count.svg:md5,5dd735d9ea716903829c10ab7e2d9a95",
                "gatk-base-recalibrator-quality-scores-plot_Pre-recalibration_Percent.svg:md5,e22e8c4016420e12ae0673ad52c330c2",
                "gatk-base-recalibrator-reported-empirical-plot.svg:md5,9b6e60c4a31fb2a6a2ea7763eccea630",
                "general_stats_table.svg:md5,85e9b0b6caa8de6faa200173c8ceaa57",
                "mosdepth-coverage-per-contig-single-cnt.svg:md5,c6008236ff93e33b578be688e7c8f833",
                "mosdepth-coverage-per-contig-single-pct.svg:md5,fd5ff7667fa98deece4c070a110a0322",
                "mosdepth-cumcoverage-dist-id.svg:md5,60804ce77cd0552eaa384289837ce8b2",
                "picard_deduplication-cnt.svg:md5,d843f1d0506339f577c80cbdedd2ae65",
                "picard_deduplication-pct.svg:md5,9adde264b4ba70664257a086f6dbf167",
                "samtools-stats-dp.svg:md5,1bc0dc65d7f10f0bbe5727fac8fd8646",
                "samtools_alignment_plot-cnt.svg:md5,9e853320bc1f4340af41131099f5cf02",
                "samtools_alignment_plot-pct.svg:md5,0e287be027a3e7dd6918e1418d23dc6b",
                "vcftools_tstv_by_count.svg:md5,eab69fa78d91601ae8e250b9435c13e8",
                "vcftools_tstv_by_qual.svg:md5,e86a4cd767cd83b15deac1b62c3746d6",
                "test.strelka.variants.bcftools_stats.txt:md5,86bd4938eed920d36f3f5937102a2967",
                "test.md.mosdepth.global.dist.txt:md5,b61e1acee11a6ddf7ce3232a5948a6a0",
                "test.md.mosdepth.region.dist.txt:md5,1a382f98d488d2ae3df83a0d87caafc1",
                "test.md.mosdepth.summary.txt:md5,839108358878ada89e1eaddf6e0541ba",
                "test.md.regions.bed.gz:md5,6fdaec99e739dc0f47fe55dd64dfe93e",
                "test.md.regions.bed.gz.csi:md5,5f9c60279af78e3aeafc96a8c11fb35f",
                "test.recal.mosdepth.global.dist.txt:md5,b61e1acee11a6ddf7ce3232a5948a6a0",
                "test.recal.mosdepth.region.dist.txt:md5,1a382f98d488d2ae3df83a0d87caafc1",
                "test.recal.mosdepth.summary.txt:md5,839108358878ada89e1eaddf6e0541ba",
                "test.recal.regions.bed.gz:md5,6fdaec99e739dc0f47fe55dd64dfe93e",
                "test.recal.regions.bed.gz.csi:md5,5f9c60279af78e3aeafc96a8c11fb35f",
                "test.md.cram.stats:md5,7d19da3fc342afe0884c944f97a578b1",
                "test.recal.cram.stats:md5,820d123e746d1abdc90fd8710828082e",
                "test.strelka.variants.FILTER.summary:md5,ad417bc96d31223f61170987975d8128",
                "test.strelka.variants.TsTv.count:md5,fa27f678965b7cba6a92efcd039f802a",
                "test.strelka.variants.TsTv.qual:md5,bc68ae4e688e9fb772b457069e604883"
            ]
        ],
        "meta": {
            "nf-test": "0.9.0",
            "nextflow": "24.09.0"
        },
        "timestamp": "2024-10-08T09:42:20.571627"
    }
}