{
    "Run with profile test | --input tests/csv/3.0/fastq_pair.csv": {
        "content": [
            40,
            {
                "BCFTOOLS_STATS": {
                    "bcftools": 1.2
                },
                "BWAMEM1_MEM": {
                    "bwa": "0.7.18-r1243-dirty",
                    "samtools": 1.2
                },
                "FASTQC": {
                    "fastqc": "0.12.1"
                },
                "GATK4_APPLYBQSR": {
                    "gatk4": "4.5.0.0"
                },
                "GATK4_BASERECALIBRATOR": {
                    "gatk4": "4.5.0.0"
                },
                "GATK4_MARKDUPLICATES": {
                    "gatk4": "4.5.0.0",
                    "samtools": "1.19.2"
                },
                "INDEX_CRAM": {
                    "samtools": 1.21
                },
                "MOSDEPTH": {
                    "mosdepth": "0.3.8"
                },
                "SAMTOOLS_STATS": {
                    "samtools": 1.21
                },
                "STRELKA_SINGLE": {
                    "strelka": "2.9.10"
                },
                "STRELKA_SOMATIC": {
                    "strelka": "2.9.10"
                },
                "VCFTOOLS_TSTV_COUNT": {
                    "vcftools": "0.1.16"
                },
                "Workflow": {
                    "nf-core/sarek": "v3.5.0dev"
                }
            },
            [
                "csv",
                "csv/markduplicates.csv",
                "csv/markduplicates_no_table.csv",
                "csv/recalibrated.csv",
                "csv/variantcalled.csv",
                "multiqc",
                "multiqc/multiqc_data",
                "multiqc/multiqc_data/bcftools_stats_indel-lengths.txt",
                "multiqc/multiqc_data/bcftools_stats_vqc_Count_Indels.txt",
                "multiqc/multiqc_data/bcftools_stats_vqc_Count_SNP.txt",
                "multiqc/multiqc_data/bcftools_stats_vqc_Count_Transitions.txt",
                "multiqc/multiqc_data/bcftools_stats_vqc_Count_Transversions.txt",
                "multiqc/multiqc_data/fastqc-status-check-heatmap.txt",
                "multiqc/multiqc_data/fastqc_adapter_content_plot.txt",
                "multiqc/multiqc_data/fastqc_per_base_n_content_plot.txt",
                "multiqc/multiqc_data/fastqc_per_base_sequence_quality_plot.txt",
                "multiqc/multiqc_data/fastqc_per_sequence_gc_content_plot_Counts.txt",
                "multiqc/multiqc_data/fastqc_per_sequence_gc_content_plot_Percentages.txt",
                "multiqc/multiqc_data/fastqc_per_sequence_quality_scores_plot.txt",
                "multiqc/multiqc_data/fastqc_sequence_counts_plot.txt",
                "multiqc/multiqc_data/fastqc_sequence_duplication_levels_plot.txt",
                "multiqc/multiqc_data/fastqc_sequence_length_distribution_plot.txt",
                "multiqc/multiqc_data/fastqc_top_overrepresented_sequences_table.txt",
                "multiqc/multiqc_data/gatk-base-recalibrator-quality-scores-plot_Pre-recalibration_Count.txt",
                "multiqc/multiqc_data/gatk-base-recalibrator-quality-scores-plot_Pre-recalibration_Percent.txt",
                "multiqc/multiqc_data/gatk-base-recalibrator-reported-empirical-plot.txt",
                "multiqc/multiqc_data/gatk_base_recalibrator.txt",
                "multiqc/multiqc_data/mosdepth-coverage-per-contig-single.txt",
                "multiqc/multiqc_data/mosdepth-cumcoverage-dist-id.txt",
                "multiqc/multiqc_data/mosdepth_cov_dist.txt",
                "multiqc/multiqc_data/mosdepth_cumcov_dist.txt",
                "multiqc/multiqc_data/mosdepth_perchrom.txt",
                "multiqc/multiqc_data/multiqc.log",
                "multiqc/multiqc_data/multiqc_bcftools_stats.txt",
                "multiqc/multiqc_data/multiqc_citations.txt",
                "multiqc/multiqc_data/multiqc_data.json",
                "multiqc/multiqc_data/multiqc_fastqc.txt",
                "multiqc/multiqc_data/multiqc_general_stats.txt",
                "multiqc/multiqc_data/multiqc_picard_dups.txt",
                "multiqc/multiqc_data/multiqc_samtools_stats.txt",
                "multiqc/multiqc_data/multiqc_software_versions.txt",
                "multiqc/multiqc_data/multiqc_sources.txt",
                "multiqc/multiqc_data/picard_deduplication.txt",
                "multiqc/multiqc_data/picard_histogram.txt",
                "multiqc/multiqc_data/picard_histogram_1.txt",
                "multiqc/multiqc_data/picard_histogram_2.txt",
                "multiqc/multiqc_data/samtools-stats-dp.txt",
                "multiqc/multiqc_data/samtools_alignment_plot.txt",
                "multiqc/multiqc_data/vcftools_tstv_by_count.txt",
                "multiqc/multiqc_data/vcftools_tstv_by_qual.txt",
                "multiqc/multiqc_plots",
                "multiqc/multiqc_plots/pdf",
                "multiqc/multiqc_plots/pdf/bcftools_stats_indel-lengths.pdf",
                "multiqc/multiqc_plots/pdf/bcftools_stats_vqc_Count_Indels.pdf",
                "multiqc/multiqc_plots/pdf/bcftools_stats_vqc_Count_SNP.pdf",
                "multiqc/multiqc_plots/pdf/bcftools_stats_vqc_Count_Transitions.pdf",
                "multiqc/multiqc_plots/pdf/bcftools_stats_vqc_Count_Transversions.pdf",
                "multiqc/multiqc_plots/pdf/fastqc-status-check-heatmap.pdf",
                "multiqc/multiqc_plots/pdf/fastqc_adapter_content_plot.pdf",
                "multiqc/multiqc_plots/pdf/fastqc_per_base_n_content_plot.pdf",
                "multiqc/multiqc_plots/pdf/fastqc_per_base_sequence_quality_plot.pdf",
                "multiqc/multiqc_plots/pdf/fastqc_per_sequence_gc_content_plot_Counts.pdf",
                "multiqc/multiqc_plots/pdf/fastqc_per_sequence_gc_content_plot_Percentages.pdf",
                "multiqc/multiqc_plots/pdf/fastqc_per_sequence_quality_scores_plot.pdf",
                "multiqc/multiqc_plots/pdf/fastqc_sequence_counts_plot-cnt.pdf",
                "multiqc/multiqc_plots/pdf/fastqc_sequence_counts_plot-pct.pdf",
                "multiqc/multiqc_plots/pdf/fastqc_sequence_duplication_levels_plot.pdf",
                "multiqc/multiqc_plots/pdf/fastqc_sequence_length_distribution_plot.pdf",
                "multiqc/multiqc_plots/pdf/fastqc_top_overrepresented_sequences_table.pdf",
                "multiqc/multiqc_plots/pdf/gatk-base-recalibrator-quality-scores-plot_Pre-recalibration_Count.pdf",
                "multiqc/multiqc_plots/pdf/gatk-base-recalibrator-quality-scores-plot_Pre-recalibration_Percent.pdf",
                "multiqc/multiqc_plots/pdf/gatk-base-recalibrator-reported-empirical-plot.pdf",
                "multiqc/multiqc_plots/pdf/general_stats_table.pdf",
                "multiqc/multiqc_plots/pdf/mosdepth-coverage-per-contig-single-cnt.pdf",
                "multiqc/multiqc_plots/pdf/mosdepth-coverage-per-contig-single-pct.pdf",
                "multiqc/multiqc_plots/pdf/mosdepth-cumcoverage-dist-id.pdf",
                "multiqc/multiqc_plots/pdf/picard_deduplication-cnt.pdf",
                "multiqc/multiqc_plots/pdf/picard_deduplication-pct.pdf",
                "multiqc/multiqc_plots/pdf/samtools-stats-dp.pdf",
                "multiqc/multiqc_plots/pdf/samtools_alignment_plot-cnt.pdf",
                "multiqc/multiqc_plots/pdf/samtools_alignment_plot-pct.pdf",
                "multiqc/multiqc_plots/pdf/vcftools_tstv_by_count.pdf",
                "multiqc/multiqc_plots/pdf/vcftools_tstv_by_qual.pdf",
                "multiqc/multiqc_plots/png",
                "multiqc/multiqc_plots/png/bcftools_stats_indel-lengths.png",
                "multiqc/multiqc_plots/png/bcftools_stats_vqc_Count_Indels.png",
                "multiqc/multiqc_plots/png/bcftools_stats_vqc_Count_SNP.png",
                "multiqc/multiqc_plots/png/bcftools_stats_vqc_Count_Transitions.png",
                "multiqc/multiqc_plots/png/bcftools_stats_vqc_Count_Transversions.png",
                "multiqc/multiqc_plots/png/fastqc-status-check-heatmap.png",
                "multiqc/multiqc_plots/png/fastqc_adapter_content_plot.png",
                "multiqc/multiqc_plots/png/fastqc_per_base_n_content_plot.png",
                "multiqc/multiqc_plots/png/fastqc_per_base_sequence_quality_plot.png",
                "multiqc/multiqc_plots/png/fastqc_per_sequence_gc_content_plot_Counts.png",
                "multiqc/multiqc_plots/png/fastqc_per_sequence_gc_content_plot_Percentages.png",
                "multiqc/multiqc_plots/png/fastqc_per_sequence_quality_scores_plot.png",
                "multiqc/multiqc_plots/png/fastqc_sequence_counts_plot-cnt.png",
                "multiqc/multiqc_plots/png/fastqc_sequence_counts_plot-pct.png",
                "multiqc/multiqc_plots/png/fastqc_sequence_duplication_levels_plot.png",
                "multiqc/multiqc_plots/png/fastqc_sequence_length_distribution_plot.png",
                "multiqc/multiqc_plots/png/fastqc_top_overrepresented_sequences_table.png",
                "multiqc/multiqc_plots/png/gatk-base-recalibrator-quality-scores-plot_Pre-recalibration_Count.png",
                "multiqc/multiqc_plots/png/gatk-base-recalibrator-quality-scores-plot_Pre-recalibration_Percent.png",
                "multiqc/multiqc_plots/png/gatk-base-recalibrator-reported-empirical-plot.png",
                "multiqc/multiqc_plots/png/general_stats_table.png",
                "multiqc/multiqc_plots/png/mosdepth-coverage-per-contig-single-cnt.png",
                "multiqc/multiqc_plots/png/mosdepth-coverage-per-contig-single-pct.png",
                "multiqc/multiqc_plots/png/mosdepth-cumcoverage-dist-id.png",
                "multiqc/multiqc_plots/png/picard_deduplication-cnt.png",
                "multiqc/multiqc_plots/png/picard_deduplication-pct.png",
                "multiqc/multiqc_plots/png/samtools-stats-dp.png",
                "multiqc/multiqc_plots/png/samtools_alignment_plot-cnt.png",
                "multiqc/multiqc_plots/png/samtools_alignment_plot-pct.png",
                "multiqc/multiqc_plots/png/vcftools_tstv_by_count.png",
                "multiqc/multiqc_plots/png/vcftools_tstv_by_qual.png",
                "multiqc/multiqc_plots/svg",
                "multiqc/multiqc_plots/svg/bcftools_stats_indel-lengths.svg",
                "multiqc/multiqc_plots/svg/bcftools_stats_vqc_Count_Indels.svg",
                "multiqc/multiqc_plots/svg/bcftools_stats_vqc_Count_SNP.svg",
                "multiqc/multiqc_plots/svg/bcftools_stats_vqc_Count_Transitions.svg",
                "multiqc/multiqc_plots/svg/bcftools_stats_vqc_Count_Transversions.svg",
                "multiqc/multiqc_plots/svg/fastqc-status-check-heatmap.svg",
                "multiqc/multiqc_plots/svg/fastqc_adapter_content_plot.svg",
                "multiqc/multiqc_plots/svg/fastqc_per_base_n_content_plot.svg",
                "multiqc/multiqc_plots/svg/fastqc_per_base_sequence_quality_plot.svg",
                "multiqc/multiqc_plots/svg/fastqc_per_sequence_gc_content_plot_Counts.svg",
                "multiqc/multiqc_plots/svg/fastqc_per_sequence_gc_content_plot_Percentages.svg",
                "multiqc/multiqc_plots/svg/fastqc_per_sequence_quality_scores_plot.svg",
                "multiqc/multiqc_plots/svg/fastqc_sequence_counts_plot-cnt.svg",
                "multiqc/multiqc_plots/svg/fastqc_sequence_counts_plot-pct.svg",
                "multiqc/multiqc_plots/svg/fastqc_sequence_duplication_levels_plot.svg",
                "multiqc/multiqc_plots/svg/fastqc_sequence_length_distribution_plot.svg",
                "multiqc/multiqc_plots/svg/fastqc_top_overrepresented_sequences_table.svg",
                "multiqc/multiqc_plots/svg/gatk-base-recalibrator-quality-scores-plot_Pre-recalibration_Count.svg",
                "multiqc/multiqc_plots/svg/gatk-base-recalibrator-quality-scores-plot_Pre-recalibration_Percent.svg",
                "multiqc/multiqc_plots/svg/gatk-base-recalibrator-reported-empirical-plot.svg",
                "multiqc/multiqc_plots/svg/general_stats_table.svg",
                "multiqc/multiqc_plots/svg/mosdepth-coverage-per-contig-single-cnt.svg",
                "multiqc/multiqc_plots/svg/mosdepth-coverage-per-contig-single-pct.svg",
                "multiqc/multiqc_plots/svg/mosdepth-cumcoverage-dist-id.svg",
                "multiqc/multiqc_plots/svg/picard_deduplication-cnt.svg",
                "multiqc/multiqc_plots/svg/picard_deduplication-pct.svg",
                "multiqc/multiqc_plots/svg/samtools-stats-dp.svg",
                "multiqc/multiqc_plots/svg/samtools_alignment_plot-cnt.svg",
                "multiqc/multiqc_plots/svg/samtools_alignment_plot-pct.svg",
                "multiqc/multiqc_plots/svg/vcftools_tstv_by_count.svg",
                "multiqc/multiqc_plots/svg/vcftools_tstv_by_qual.svg",
                "multiqc/multiqc_report.html",
                "pipeline_info",
                "pipeline_info/nf_core_sarek_software_mqc_versions.yml",
                "preprocessing",
                "preprocessing/markduplicates",
                "preprocessing/markduplicates/test",
                "preprocessing/markduplicates/test/test.md.cram",
                "preprocessing/markduplicates/test/test.md.cram.crai",
                "preprocessing/markduplicates/test2",
                "preprocessing/markduplicates/test2/test2.md.cram",
                "preprocessing/markduplicates/test2/test2.md.cram.crai",
                "preprocessing/recal_table",
                "preprocessing/recal_table/test",
                "preprocessing/recal_table/test/test.recal.table",
                "preprocessing/recal_table/test2",
                "preprocessing/recal_table/test2/test2.recal.table",
                "preprocessing/recalibrated",
                "preprocessing/recalibrated/test",
                "preprocessing/recalibrated/test/test.recal.cram",
                "preprocessing/recalibrated/test/test.recal.cram.crai",
                "preprocessing/recalibrated/test2",
                "preprocessing/recalibrated/test2/test2.recal.cram",
                "preprocessing/recalibrated/test2/test2.recal.cram.crai",
                "reference",
                "reports",
                "reports/bcftools",
                "reports/bcftools/strelka",
                "reports/bcftools/strelka/test",
                "reports/bcftools/strelka/test/test.strelka.variants.bcftools_stats.txt",
                "reports/bcftools/strelka/test2_vs_test",
                "reports/bcftools/strelka/test2_vs_test/test2_vs_test.strelka.somatic_indels.bcftools_stats.txt",
                "reports/bcftools/strelka/test2_vs_test/test2_vs_test.strelka.somatic_snvs.bcftools_stats.txt",
                "reports/fastqc",
                "reports/fastqc/test-test_L1",
                "reports/fastqc/test-test_L1/test-test_L1_1_fastqc.html",
                "reports/fastqc/test-test_L1/test-test_L1_1_fastqc.zip",
                "reports/fastqc/test-test_L1/test-test_L1_2_fastqc.html",
                "reports/fastqc/test-test_L1/test-test_L1_2_fastqc.zip",
                "reports/fastqc/test2-test_L1",
                "reports/fastqc/test2-test_L1/test2-test_L1_1_fastqc.html",
                "reports/fastqc/test2-test_L1/test2-test_L1_1_fastqc.zip",
                "reports/fastqc/test2-test_L1/test2-test_L1_2_fastqc.html",
                "reports/fastqc/test2-test_L1/test2-test_L1_2_fastqc.zip",
                "reports/markduplicates",
                "reports/markduplicates/test",
                "reports/markduplicates/test/test.md.cram.metrics",
                "reports/markduplicates/test2",
                "reports/markduplicates/test2/test2.md.cram.metrics",
                "reports/mosdepth",
                "reports/mosdepth/test",
                "reports/mosdepth/test/test.md.mosdepth.global.dist.txt",
                "reports/mosdepth/test/test.md.mosdepth.region.dist.txt",
                "reports/mosdepth/test/test.md.mosdepth.summary.txt",
                "reports/mosdepth/test/test.md.regions.bed.gz",
                "reports/mosdepth/test/test.md.regions.bed.gz.csi",
                "reports/mosdepth/test/test.recal.mosdepth.global.dist.txt",
                "reports/mosdepth/test/test.recal.mosdepth.region.dist.txt",
                "reports/mosdepth/test/test.recal.mosdepth.summary.txt",
                "reports/mosdepth/test/test.recal.regions.bed.gz",
                "reports/mosdepth/test/test.recal.regions.bed.gz.csi",
                "reports/mosdepth/test2",
                "reports/mosdepth/test2/test2.md.mosdepth.global.dist.txt",
                "reports/mosdepth/test2/test2.md.mosdepth.region.dist.txt",
                "reports/mosdepth/test2/test2.md.mosdepth.summary.txt",
                "reports/mosdepth/test2/test2.md.regions.bed.gz",
                "reports/mosdepth/test2/test2.md.regions.bed.gz.csi",
                "reports/mosdepth/test2/test2.recal.mosdepth.global.dist.txt",
                "reports/mosdepth/test2/test2.recal.mosdepth.region.dist.txt",
                "reports/mosdepth/test2/test2.recal.mosdepth.summary.txt",
                "reports/mosdepth/test2/test2.recal.regions.bed.gz",
                "reports/mosdepth/test2/test2.recal.regions.bed.gz.csi",
                "reports/samtools",
                "reports/samtools/test",
                "reports/samtools/test/test.md.cram.stats",
                "reports/samtools/test/test.recal.cram.stats",
                "reports/samtools/test2",
                "reports/samtools/test2/test2.md.cram.stats",
                "reports/samtools/test2/test2.recal.cram.stats",
                "reports/vcftools",
                "reports/vcftools/strelka",
                "reports/vcftools/strelka/test",
                "reports/vcftools/strelka/test/test.strelka.variants.FILTER.summary",
                "reports/vcftools/strelka/test/test.strelka.variants.TsTv.count",
                "reports/vcftools/strelka/test/test.strelka.variants.TsTv.qual",
                "reports/vcftools/strelka/test2_vs_test",
                "reports/vcftools/strelka/test2_vs_test/test2_vs_test.strelka.somatic_indels.FILTER.summary",
                "reports/vcftools/strelka/test2_vs_test/test2_vs_test.strelka.somatic_indels.TsTv.count",
                "reports/vcftools/strelka/test2_vs_test/test2_vs_test.strelka.somatic_indels.TsTv.qual",
                "reports/vcftools/strelka/test2_vs_test/test2_vs_test.strelka.somatic_snvs.FILTER.summary",
                "reports/vcftools/strelka/test2_vs_test/test2_vs_test.strelka.somatic_snvs.TsTv.count",
                "reports/vcftools/strelka/test2_vs_test/test2_vs_test.strelka.somatic_snvs.TsTv.qual",
                "variant_calling",
                "variant_calling/strelka",
                "variant_calling/strelka/test",
                "variant_calling/strelka/test/test.strelka.genome.vcf.gz",
                "variant_calling/strelka/test/test.strelka.genome.vcf.gz.tbi",
                "variant_calling/strelka/test/test.strelka.variants.vcf.gz",
                "variant_calling/strelka/test/test.strelka.variants.vcf.gz.tbi",
                "variant_calling/strelka/test2_vs_test",
                "variant_calling/strelka/test2_vs_test/test2_vs_test.strelka.somatic_indels.vcf.gz",
                "variant_calling/strelka/test2_vs_test/test2_vs_test.strelka.somatic_indels.vcf.gz.tbi",
                "variant_calling/strelka/test2_vs_test/test2_vs_test.strelka.somatic_snvs.vcf.gz",
                "variant_calling/strelka/test2_vs_test/test2_vs_test.strelka.somatic_snvs.vcf.gz.tbi"
            ],
            [
                "bcftools_stats_indel-lengths.txt:md5,a180ee1e52441923154a87e86949fe5f",
                "bcftools_stats_vqc_Count_Indels.txt:md5,90d196606a7945f77edd6bea2b4625ed",
                "bcftools_stats_vqc_Count_SNP.txt:md5,9682508dd65bb9889fe073b1bec59666",
                "bcftools_stats_vqc_Count_Transitions.txt:md5,9682508dd65bb9889fe073b1bec59666",
                "bcftools_stats_vqc_Count_Transversions.txt:md5,9682508dd65bb9889fe073b1bec59666",
                "fastqc-status-check-heatmap.txt:md5,eeb4e7e7a45f4223c86bfe3aea81f90b",
                "fastqc_adapter_content_plot.txt:md5,cc7a809f9f001c10646ee4199ccdb40f",
                "fastqc_per_base_n_content_plot.txt:md5,1eba855ae0fa5b5ed4a1f90d1c97f759",
                "fastqc_per_base_sequence_quality_plot.txt:md5,cbb2743dfb2ec74e72b578c83ec28ee8",
                "fastqc_per_sequence_gc_content_plot_Counts.txt:md5,73c884822eba0bafcdf34b90fe81aec5",
                "fastqc_per_sequence_gc_content_plot_Percentages.txt:md5,24eeb00e5e2b11c7ab90a3223d429d15",
                "fastqc_per_sequence_quality_scores_plot.txt:md5,6f048594f02effb93608665be29bd35a",
                "fastqc_sequence_counts_plot.txt:md5,fca7ee9ef3382e2837a302d8c5d33769",
                "fastqc_sequence_duplication_levels_plot.txt:md5,2aa0c6f33e4cffbb29cdabe2c28bb097",
                "fastqc_sequence_length_distribution_plot.txt:md5,61b1fe978a2c73b86c30c27ee4bc60ae",
                "fastqc_top_overrepresented_sequences_table.txt:md5,d41d8cd98f00b204e9800998ecf8427e",
                "gatk-base-recalibrator-quality-scores-plot_Pre-recalibration_Count.txt:md5,611d52bfafbf4118e738fee9346ffb1c",
                "gatk-base-recalibrator-quality-scores-plot_Pre-recalibration_Percent.txt:md5,9924357c076930220c7b3a9b02067f47",
                "gatk-base-recalibrator-reported-empirical-plot.txt:md5,0bc70f78bd665b9ae9bd05f2520a86b4",
                "mosdepth-coverage-per-contig-single.txt:md5,e2bac78b61847b15c755dc7069670939",
                "mosdepth-cumcoverage-dist-id.txt:md5,1a6c11f5d74f772870d49af0a7ff84d2",
                "mosdepth_cov_dist.txt:md5,cb92686a4d6b7dcdeeee0ac13a63f369",
                "mosdepth_cumcov_dist.txt:md5,cb92686a4d6b7dcdeeee0ac13a63f369",
                "mosdepth_perchrom.txt:md5,e2bac78b61847b15c755dc7069670939",
                "multiqc_bcftools_stats.txt:md5,7b8f1b48aa1c33067679168a3f0d9fd1",
                "multiqc_citations.txt:md5,ace4ca89138a5f1e2be289c157c00bd9",
                "multiqc_fastqc.txt:md5,2fd25e8c81f962594b801d5a9df3cd87",
                "multiqc_samtools_stats.txt:md5,60aa328e68503436f51e9a9b13dc6665",
                "picard_histogram.txt:md5,d41d8cd98f00b204e9800998ecf8427e",
                "picard_histogram_1.txt:md5,d41d8cd98f00b204e9800998ecf8427e",
                "picard_histogram_2.txt:md5,d41d8cd98f00b204e9800998ecf8427e",
                "samtools-stats-dp.txt:md5,d81e84864ecb732951a137e88d87a263",
                "samtools_alignment_plot.txt:md5,e757696d1f7107df2bd4ad92f607272e",
                "vcftools_tstv_by_count.txt:md5,9d3f23467779f62d81573894f71ba0d4",
                "vcftools_tstv_by_qual.txt:md5,cc9762c7d4ee91803d358d8c386819d9",
                "bcftools_stats_indel-lengths.pdf:md5,f4f96c89832b888f8e4dd9563dbb9372",
                "bcftools_stats_vqc_Count_Indels.pdf:md5,f69ed103ecf03752947e720fb39667c9",
                "bcftools_stats_vqc_Count_SNP.pdf:md5,fbe2d2de8e3fa4c4181be2c332d4ac0a",
                "bcftools_stats_vqc_Count_Transitions.pdf:md5,5a85ffc98bbb36886493154e0fcdd473",
                "bcftools_stats_vqc_Count_Transversions.pdf:md5,c9de849136e1249f55cee8915226c831",
                "fastqc-status-check-heatmap.pdf:md5,530d2dca8d2b508c7e5d7da6c763799b",
                "fastqc_adapter_content_plot.pdf:md5,4f2fbf88ed96e1bc9f4a1f69db4f1abf",
                "fastqc_per_base_n_content_plot.pdf:md5,417436dd8803db7e7ad2729ed283c1d1",
                "fastqc_per_base_sequence_quality_plot.pdf:md5,d2352ad32f6087fe80108bc4497e711a",
                "fastqc_per_sequence_gc_content_plot_Counts.pdf:md5,65b29221695f744c0e7714f201e9ef63",
                "fastqc_per_sequence_gc_content_plot_Percentages.pdf:md5,67bbb5f2954779b36a390acd6ec1918e",
                "fastqc_per_sequence_quality_scores_plot.pdf:md5,8d3841f55ab363295457121a4d0d5319",
                "fastqc_sequence_counts_plot-cnt.pdf:md5,8c6eaa6c532c65a99b448b115bdfaafd",
                "fastqc_sequence_counts_plot-pct.pdf:md5,e38a31c9dce916f3b9594c96a6528585",
                "fastqc_sequence_duplication_levels_plot.pdf:md5,045fd1f4ad37513e39ed83b0f8ec8baa",
                "fastqc_sequence_length_distribution_plot.pdf:md5,af2aff7b17286232f9d7228f02460b18",
                "fastqc_top_overrepresented_sequences_table.pdf:md5,26a046785b59fb7af4ac6e31ee2f9e80",
                "gatk-base-recalibrator-quality-scores-plot_Pre-recalibration_Count.pdf:md5,d4b8b419efd1f5d3145821ae79b8ff6a",
                "gatk-base-recalibrator-quality-scores-plot_Pre-recalibration_Percent.pdf:md5,493d380070219ffbafc251aa1a5a11e1",
                "gatk-base-recalibrator-reported-empirical-plot.pdf:md5,eb052512a3b5096b4f141cb39ae24456",
                "general_stats_table.pdf:md5,411e3fb36aacce351fcd9ba82bb7b765",
                "mosdepth-coverage-per-contig-single-cnt.pdf:md5,1a11004d8f944c1c544de266d581ac52",
                "mosdepth-coverage-per-contig-single-pct.pdf:md5,15e49c7a3ea21f75266f31e5e8496f43",
                "mosdepth-cumcoverage-dist-id.pdf:md5,5d6c2c0b03df1ad96d5c473cf5005fd7",
                "picard_deduplication-cnt.pdf:md5,cc2527bc408909c57a0d7906a71c690d",
                "picard_deduplication-pct.pdf:md5,bc07a813c28479add83fd84f6e1f1f4c",
                "samtools-stats-dp.pdf:md5,135e24c879f9ac9eb6ed8a250a371e35",
                "samtools_alignment_plot-cnt.pdf:md5,2479eb78c5ffc1877043cc0c25d44c30",
                "samtools_alignment_plot-pct.pdf:md5,f70fab473146db0f5f13287fc825ba6f",
                "vcftools_tstv_by_count.pdf:md5,d9d61cc7e1cffea9d9ae02285bc43066",
                "vcftools_tstv_by_qual.pdf:md5,7dfcae0e9042a7bfa144d8a5d61a5305",
                "bcftools_stats_indel-lengths.png:md5,8ab57354627ff1bed482a7c6d3368476",
                "bcftools_stats_vqc_Count_Indels.png:md5,f86f78f80868d473f5907c414bba6718",
                "bcftools_stats_vqc_Count_SNP.png:md5,6ba8e5d4fdd856878d30a03215ff9db6",
                "bcftools_stats_vqc_Count_Transitions.png:md5,41cfe4f9604c8fe4c9c7aaed3b9e38dc",
                "bcftools_stats_vqc_Count_Transversions.png:md5,31298bd848f1876c74afeeb99850b815",
                "fastqc-status-check-heatmap.png:md5,569471b3306ab37fb7089ed7b0892138",
                "fastqc_adapter_content_plot.png:md5,7777bb1f9045eab30f6b999afe4c271a",
                "fastqc_per_base_n_content_plot.png:md5,a51bae0462e28821474122b4834172f4",
                "fastqc_per_base_sequence_quality_plot.png:md5,1051ff824986d767a6acdbd6442a2865",
                "fastqc_per_sequence_gc_content_plot_Counts.png:md5,b6bccab5d54e5650f46869930aebbdac",
                "fastqc_per_sequence_gc_content_plot_Percentages.png:md5,8bf1257059091ea5b0cd8b942adbee36",
                "fastqc_per_sequence_quality_scores_plot.png:md5,685a875304a78ac0add518200f47f7bd",
                "fastqc_sequence_counts_plot-cnt.png:md5,af9660144f22312664351419a01f177d",
                "fastqc_sequence_counts_plot-pct.png:md5,99d9195e280d0f5cd193e590a6ff89e5",
                "fastqc_sequence_duplication_levels_plot.png:md5,fd5f0cf80ec1b506e9aff475e6967e2a",
                "fastqc_sequence_length_distribution_plot.png:md5,e7c658b76df44aaaf4f05709b137c408",
                "fastqc_top_overrepresented_sequences_table.png:md5,5905f81842123dabc950e0f183f80725",
                "gatk-base-recalibrator-quality-scores-plot_Pre-recalibration_Count.png:md5,5484b17f70aafc87f65ff89c77db5ddc",
                "gatk-base-recalibrator-quality-scores-plot_Pre-recalibration_Percent.png:md5,9f7579c2aa094bc5bb2ba34bff997b9c",
                "gatk-base-recalibrator-reported-empirical-plot.png:md5,d8728cd3fb6330c4a06984dde7196a7e",
                "general_stats_table.png:md5,cf903f70ab5df0a68a88de5d37e157a6",
                "mosdepth-coverage-per-contig-single-cnt.png:md5,ffad6689f9ee30161370c24755d0cac2",
                "mosdepth-coverage-per-contig-single-pct.png:md5,6af21d53f89432e70c01dc561c818b93",
                "mosdepth-cumcoverage-dist-id.png:md5,8cdc202c8020d1e865307d249282b31a",
                "picard_deduplication-cnt.png:md5,c2499bae67a01f2edfb11268cb267e96",
                "picard_deduplication-pct.png:md5,ae550d30c64733e2fbc9201a3bcef6d0",
                "samtools-stats-dp.png:md5,3bee0374049f9757bfcaa9dba75cd04b",
                "samtools_alignment_plot-cnt.png:md5,862074b670352b4c6dd0b40b60543584",
                "samtools_alignment_plot-pct.png:md5,e2c032c4c0ce9fcd7546d9014e7dea05",
                "vcftools_tstv_by_count.png:md5,5cd8114551f5dd9a4173b0f1d99e63b4",
                "vcftools_tstv_by_qual.png:md5,7b10c11ae7151394a9f7dcb50f86cdf2",
                "bcftools_stats_indel-lengths.svg:md5,3f378a4faa3726febc6ba3b1329606da",
                "bcftools_stats_vqc_Count_Indels.svg:md5,f8b57dd23ddf5eb30eb03362b77682fa",
                "bcftools_stats_vqc_Count_SNP.svg:md5,c7604fb8b3c71ecb7e04a986cdac6a0f",
                "bcftools_stats_vqc_Count_Transitions.svg:md5,633a7a01b570dd42d767ed39bbe048e8",
                "bcftools_stats_vqc_Count_Transversions.svg:md5,242c8a7445b3e336ecd42665ad8802d8",
                "fastqc-status-check-heatmap.svg:md5,fe9ccffac8d9e8112ff678faed30ed43",
                "fastqc_adapter_content_plot.svg:md5,85be6526b0eecf277ffb75e0e6ae9a6e",
                "fastqc_per_base_n_content_plot.svg:md5,768f6b1efc7b6932bc79cd71b0f39d73",
                "fastqc_per_base_sequence_quality_plot.svg:md5,732447c06eb8dce22708b523ee627190",
                "fastqc_per_sequence_gc_content_plot_Counts.svg:md5,b0c06365883cd63b933a8b7bab8d322c",
                "fastqc_per_sequence_gc_content_plot_Percentages.svg:md5,8e559a2fc07bdad9d42a1045bb639d19",
                "fastqc_per_sequence_quality_scores_plot.svg:md5,ed45cdcd5715afc5b3e101b94bc7163c",
                "fastqc_sequence_counts_plot-cnt.svg:md5,2ddd13d3e24bf06f71a9f195a905bed3",
                "fastqc_sequence_counts_plot-pct.svg:md5,f7a91d0b78f535bb21d20468b7d016bd",
                "fastqc_sequence_duplication_levels_plot.svg:md5,e9d30057f1df6744af85ae5dce022ddd",
                "fastqc_sequence_length_distribution_plot.svg:md5,cb729a94505e24242b53a06ad371213a",
                "fastqc_top_overrepresented_sequences_table.svg:md5,17373c2aa63a7a2084aeeae8bc4e769f",
                "gatk-base-recalibrator-quality-scores-plot_Pre-recalibration_Count.svg:md5,30f9b62b1229d21e937c49278b72376a",
                "gatk-base-recalibrator-quality-scores-plot_Pre-recalibration_Percent.svg:md5,3fcdbe36d64f6bec8df477b084171256",
                "gatk-base-recalibrator-reported-empirical-plot.svg:md5,ece1a9516a233967c1c857ff5e0763b5",
                "general_stats_table.svg:md5,408f7cd88f2ce94efce716766022d1e5",
                "mosdepth-coverage-per-contig-single-cnt.svg:md5,fd8084ea3aed963e951469c468516806",
                "mosdepth-coverage-per-contig-single-pct.svg:md5,34f06f5265f09efed8b9df3f9580fa2e",
                "mosdepth-cumcoverage-dist-id.svg:md5,926c7c7d3df67e67e34466586e2c055a",
                "picard_deduplication-cnt.svg:md5,67c7697e01d404055b800d5cde2de62f",
                "picard_deduplication-pct.svg:md5,ba5a96acbea9727fb58a5495673da1d1",
                "samtools-stats-dp.svg:md5,dc14aed15ef6d969a6018d9421e928fe",
                "samtools_alignment_plot-cnt.svg:md5,ed3bcfba7780b7df45f3f2ccc8f814b8",
                "samtools_alignment_plot-pct.svg:md5,ec6fe06938c854c701661f782613fac5",
                "vcftools_tstv_by_count.svg:md5,d9b933a737447b0c57f1230d90d6e96c",
                "vcftools_tstv_by_qual.svg:md5,1ef9edf54e50f6cef656c4d14177a780",
                "test.strelka.variants.bcftools_stats.txt:md5,550430d0b8336ac650b7e50bdfdc914c",
                "test2_vs_test.strelka.somatic_indels.bcftools_stats.txt:md5,2ce8bffbfbb88c4da6a5239b11dc2f44",
                "test2_vs_test.strelka.somatic_snvs.bcftools_stats.txt:md5,869e2d3a46760e2bea9b2e027002848d",
                "test.md.mosdepth.global.dist.txt:md5,76fa71922a3f748e507c2364c531dfcb",
                "test.md.mosdepth.region.dist.txt:md5,abc5df85e302b79985627888870882da",
                "test.md.mosdepth.summary.txt:md5,d536456436eb275159b8c6af83213d80",
                "test.md.regions.bed.gz:md5,b25a2798061021c0b2f4e1d18219bbbd",
                "test.md.regions.bed.gz.csi:md5,05d571f8d51ca6b1bde804d7a6d999af",
                "test.recal.mosdepth.global.dist.txt:md5,76fa71922a3f748e507c2364c531dfcb",
                "test.recal.mosdepth.region.dist.txt:md5,abc5df85e302b79985627888870882da",
                "test.recal.mosdepth.summary.txt:md5,d536456436eb275159b8c6af83213d80",
                "test.recal.regions.bed.gz:md5,b25a2798061021c0b2f4e1d18219bbbd",
                "test.recal.regions.bed.gz.csi:md5,05d571f8d51ca6b1bde804d7a6d999af",
                "test2.md.mosdepth.global.dist.txt:md5,2020cf6dfc7ddca020c921dd9f0549b7",
                "test2.md.mosdepth.region.dist.txt:md5,38ff8b38c33b9231f047fea8ea830aae",
                "test2.md.mosdepth.summary.txt:md5,8b991358768cade225470a07cd34f573",
                "test2.md.regions.bed.gz:md5,08e767f91a0a8d82733f0040e804a85f",
                "test2.md.regions.bed.gz.csi:md5,eba5aca0b8f72759192bbdd29330278e",
                "test2.recal.mosdepth.global.dist.txt:md5,2020cf6dfc7ddca020c921dd9f0549b7",
                "test2.recal.mosdepth.region.dist.txt:md5,38ff8b38c33b9231f047fea8ea830aae",
                "test2.recal.mosdepth.summary.txt:md5,8b991358768cade225470a07cd34f573",
                "test2.recal.regions.bed.gz:md5,08e767f91a0a8d82733f0040e804a85f",
                "test2.recal.regions.bed.gz.csi:md5,eba5aca0b8f72759192bbdd29330278e",
                "test.md.cram.stats:md5,7d0a7d3d4ca6bf21702e7775b1777fb8",
                "test.recal.cram.stats:md5,269fd4151ac69c1de63e2224310386a0",
                "test2.md.cram.stats:md5,592aae2575ef68c8c8d9e993ca288f2d",
                "test2.recal.cram.stats:md5,47c5ad8a7d4221d03673fd67388f9960",
                "test.strelka.variants.FILTER.summary:md5,dd87f507da7de20d5318841af312493b",
                "test.strelka.variants.TsTv.count:md5,fa27f678965b7cba6a92efcd039f802a",
                "test.strelka.variants.TsTv.qual:md5,bc68ae4e688e9fb772b457069e604883",
                "test2_vs_test.strelka.somatic_indels.FILTER.summary:md5,1ce42d34e4ae919afb519efc99146423",
                "test2_vs_test.strelka.somatic_indels.TsTv.count:md5,8dcfdbcaac118df1d5ad407dd2af699f",
                "test2_vs_test.strelka.somatic_indels.TsTv.qual:md5,bc68ae4e688e9fb772b457069e604883",
                "test2_vs_test.strelka.somatic_snvs.FILTER.summary:md5,1ce42d34e4ae919afb519efc99146423",
                "test2_vs_test.strelka.somatic_snvs.TsTv.count:md5,8dcfdbcaac118df1d5ad407dd2af699f",
                "test2_vs_test.strelka.somatic_snvs.TsTv.qual:md5,bc68ae4e688e9fb772b457069e604883"
            ]
        ],
        "meta": {
            "nf-test": "0.9.0",
            "nextflow": "24.09.0"
        },
        "timestamp": "2024-10-08T09:47:54.998249"
    }
}