{
    "-profile test --tools freebayes --no_intervals somatic stub": {
        "content": [
            1,
            {
                "Workflow": {
                    "nf-core/sarek": "v3.6.0dev"
                }
            },
            [
                "csv",
                "no_intervals.bed",
                "no_intervals.bed.gz",
                "no_intervals.bed.gz.tbi",
                "pipeline_info",
                "pipeline_info/nf_core_sarek_software_mqc_versions.yml",
                "reference"
            ],
            [
                
            ]
        ],
        "meta": {
            "nf-test": "0.9.2",
            "nextflow": "24.10.4"
        },
        "timestamp": "2025-03-07T17:24:07.565817828"
    },
    "-profile test --tools freebayes --tumor_only": {
        "content": [
            14,
            {
                "Workflow": {
                    "nf-core/sarek": "v3.6.0dev"
                }
            },
            [
                "csv",
                "pipeline_info",
                "pipeline_info/nf_core_sarek_software_mqc_versions.yml",
                "reference",
                "reports",
                "reports/mosdepth",
                "reports/mosdepth/sample1",
                "reports/mosdepth/sample1/sample1.recal.mosdepth.global.dist.txt",
                "reports/mosdepth/sample1/sample1.recal.mosdepth.region.dist.txt",
                "reports/mosdepth/sample1/sample1.recal.mosdepth.summary.txt",
                "reports/mosdepth/sample1/sample1.recal.regions.bed.gz",
                "reports/mosdepth/sample1/sample1.recal.regions.bed.gz.csi",
                "reports/mosdepth/sample2",
                "reports/mosdepth/sample2/sample2.recal.mosdepth.global.dist.txt",
                "reports/mosdepth/sample2/sample2.recal.mosdepth.region.dist.txt",
                "reports/mosdepth/sample2/sample2.recal.mosdepth.summary.txt",
                "reports/mosdepth/sample2/sample2.recal.regions.bed.gz",
                "reports/mosdepth/sample2/sample2.recal.regions.bed.gz.csi",
                "reports/mosdepth/sample3",
                "reports/mosdepth/sample3/sample3.recal.mosdepth.global.dist.txt",
                "reports/mosdepth/sample3/sample3.recal.mosdepth.region.dist.txt",
                "reports/mosdepth/sample3/sample3.recal.mosdepth.summary.txt",
                "reports/mosdepth/sample3/sample3.recal.regions.bed.gz",
                "reports/mosdepth/sample3/sample3.recal.regions.bed.gz.csi",
                "reports/mosdepth/sample4",
                "reports/mosdepth/sample4/sample4.recal.mosdepth.global.dist.txt",
                "reports/mosdepth/sample4/sample4.recal.mosdepth.region.dist.txt",
                "reports/mosdepth/sample4/sample4.recal.mosdepth.summary.txt",
                "reports/mosdepth/sample4/sample4.recal.regions.bed.gz",
                "reports/mosdepth/sample4/sample4.recal.regions.bed.gz.csi",
                "reports/samtools",
                "reports/samtools/sample1",
                "reports/samtools/sample1/sample1.recal.cram.stats",
                "reports/samtools/sample2",
                "reports/samtools/sample2/sample2.recal.cram.stats",
                "reports/samtools/sample3",
                "reports/samtools/sample3/sample3.recal.cram.stats",
                "reports/samtools/sample4",
                "reports/samtools/sample4/sample4.recal.cram.stats"
            ],
            [
                "sample1.recal.mosdepth.global.dist.txt:md5,d9a4dd6429560b2b647da346050766c5",
                "sample1.recal.mosdepth.region.dist.txt:md5,1f3dab381958e08eb00f7c5e1135f677",
                "sample1.recal.mosdepth.summary.txt:md5,d7676e7c1de851b0ee5185d21096123b",
                "sample1.recal.regions.bed.gz:md5,6edeb8f7041a4403cb73651744b5bc82",
                "sample1.recal.regions.bed.gz.csi:md5,f17cc9d960aa4a1e96548d570585cc8a",
                "sample2.recal.mosdepth.global.dist.txt:md5,53f9ae9ab5002ffba340fa8cef7d70e4",
                "sample2.recal.mosdepth.region.dist.txt:md5,17600d21ac453506c52249cf435ad8ea",
                "sample2.recal.mosdepth.summary.txt:md5,7141030385af1f653718c9e0c9a5be80",
                "sample2.recal.regions.bed.gz:md5,c680c5d75f0cea068e3f917f4cf9bf52",
                "sample2.recal.regions.bed.gz.csi:md5,4003c8833ed5e9b9f45282a6915c935e",
                "sample3.recal.mosdepth.global.dist.txt:md5,d9a4dd6429560b2b647da346050766c5",
                "sample3.recal.mosdepth.region.dist.txt:md5,1f3dab381958e08eb00f7c5e1135f677",
                "sample3.recal.mosdepth.summary.txt:md5,d7676e7c1de851b0ee5185d21096123b",
                "sample3.recal.regions.bed.gz:md5,6edeb8f7041a4403cb73651744b5bc82",
                "sample3.recal.regions.bed.gz.csi:md5,f17cc9d960aa4a1e96548d570585cc8a",
                "sample4.recal.mosdepth.global.dist.txt:md5,53f9ae9ab5002ffba340fa8cef7d70e4",
                "sample4.recal.mosdepth.region.dist.txt:md5,17600d21ac453506c52249cf435ad8ea",
                "sample4.recal.mosdepth.summary.txt:md5,7141030385af1f653718c9e0c9a5be80",
                "sample4.recal.regions.bed.gz:md5,c680c5d75f0cea068e3f917f4cf9bf52",
                "sample4.recal.regions.bed.gz.csi:md5,4003c8833ed5e9b9f45282a6915c935e",
                "sample1.recal.cram.stats:md5,bcc229318527e414e69aaa5cd092ad9b",
                "sample2.recal.cram.stats:md5,0d1784cb4c3f14b9858247ac6128dd03",
                "sample3.recal.cram.stats:md5,bcc229318527e414e69aaa5cd092ad9b",
                "sample4.recal.cram.stats:md5,0d1784cb4c3f14b9858247ac6128dd03"
            ],
            [
                
            ]
        ],
        "meta": {
            "nf-test": "0.9.2",
            "nextflow": "24.10.4"
        },
        "timestamp": "2025-03-07T17:13:59.250500212"
    },
    "-profile test --tools freebayes --no_intervals germline": {
        "content": [
            11,
            {
                "BCFTOOLS_SORT": {
                    "bcftools": 1.2
                },
                "BCFTOOLS_STATS": {
                    "bcftools": 1.2
                },
                "FREEBAYES": {
                    "freebayes": "1.3.6"
                },
                "TABIX_VC_FREEBAYES": {
                    "tabix": 1.2
                },
                "VCFTOOLS_TSTV_COUNT": {
                    "vcftools": "0.1.16"
                },
                "Workflow": {
                    "nf-core/sarek": "v3.6.0dev"
                }
            },
            [
                "csv",
                "csv/variantcalled.csv",
                "multiqc",
                "multiqc/multiqc_data",
                "multiqc/multiqc_data/bcftools-stats-subtypes.txt",
                "multiqc/multiqc_data/bcftools_stats_indel-lengths.txt",
                "multiqc/multiqc_data/bcftools_stats_variant_depths.txt",
                "multiqc/multiqc_data/bcftools_stats_vqc_Count_Indels.txt",
                "multiqc/multiqc_data/bcftools_stats_vqc_Count_SNP.txt",
                "multiqc/multiqc_data/bcftools_stats_vqc_Count_Transitions.txt",
                "multiqc/multiqc_data/bcftools_stats_vqc_Count_Transversions.txt",
                "multiqc/multiqc_data/multiqc.log",
                "multiqc/multiqc_data/multiqc_bcftools_stats.txt",
                "multiqc/multiqc_data/multiqc_citations.txt",
                "multiqc/multiqc_data/multiqc_data.json",
                "multiqc/multiqc_data/multiqc_general_stats.txt",
                "multiqc/multiqc_data/multiqc_software_versions.txt",
                "multiqc/multiqc_data/multiqc_sources.txt",
                "multiqc/multiqc_data/vcftools_tstv_by_count.txt",
                "multiqc/multiqc_data/vcftools_tstv_by_qual.txt",
                "multiqc/multiqc_plots",
                "multiqc/multiqc_plots/pdf",
                "multiqc/multiqc_plots/pdf/bcftools-stats-subtypes-cnt.pdf",
                "multiqc/multiqc_plots/pdf/bcftools-stats-subtypes-pct.pdf",
                "multiqc/multiqc_plots/pdf/bcftools_stats_indel-lengths.pdf",
                "multiqc/multiqc_plots/pdf/bcftools_stats_variant_depths.pdf",
                "multiqc/multiqc_plots/pdf/bcftools_stats_vqc_Count_Indels.pdf",
                "multiqc/multiqc_plots/pdf/bcftools_stats_vqc_Count_SNP.pdf",
                "multiqc/multiqc_plots/pdf/bcftools_stats_vqc_Count_Transitions.pdf",
                "multiqc/multiqc_plots/pdf/bcftools_stats_vqc_Count_Transversions.pdf",
                "multiqc/multiqc_plots/pdf/general_stats_table.pdf",
                "multiqc/multiqc_plots/pdf/vcftools_tstv_by_count.pdf",
                "multiqc/multiqc_plots/pdf/vcftools_tstv_by_qual.pdf",
                "multiqc/multiqc_plots/png",
                "multiqc/multiqc_plots/png/bcftools-stats-subtypes-cnt.png",
                "multiqc/multiqc_plots/png/bcftools-stats-subtypes-pct.png",
                "multiqc/multiqc_plots/png/bcftools_stats_indel-lengths.png",
                "multiqc/multiqc_plots/png/bcftools_stats_variant_depths.png",
                "multiqc/multiqc_plots/png/bcftools_stats_vqc_Count_Indels.png",
                "multiqc/multiqc_plots/png/bcftools_stats_vqc_Count_SNP.png",
                "multiqc/multiqc_plots/png/bcftools_stats_vqc_Count_Transitions.png",
                "multiqc/multiqc_plots/png/bcftools_stats_vqc_Count_Transversions.png",
                "multiqc/multiqc_plots/png/general_stats_table.png",
                "multiqc/multiqc_plots/png/vcftools_tstv_by_count.png",
                "multiqc/multiqc_plots/png/vcftools_tstv_by_qual.png",
                "multiqc/multiqc_plots/svg",
                "multiqc/multiqc_plots/svg/bcftools-stats-subtypes-cnt.svg",
                "multiqc/multiqc_plots/svg/bcftools-stats-subtypes-pct.svg",
                "multiqc/multiqc_plots/svg/bcftools_stats_indel-lengths.svg",
                "multiqc/multiqc_plots/svg/bcftools_stats_variant_depths.svg",
                "multiqc/multiqc_plots/svg/bcftools_stats_vqc_Count_Indels.svg",
                "multiqc/multiqc_plots/svg/bcftools_stats_vqc_Count_SNP.svg",
                "multiqc/multiqc_plots/svg/bcftools_stats_vqc_Count_Transitions.svg",
                "multiqc/multiqc_plots/svg/bcftools_stats_vqc_Count_Transversions.svg",
                "multiqc/multiqc_plots/svg/general_stats_table.svg",
                "multiqc/multiqc_plots/svg/vcftools_tstv_by_count.svg",
                "multiqc/multiqc_plots/svg/vcftools_tstv_by_qual.svg",
                "multiqc/multiqc_report.html",
                "no_intervals.bed",
                "no_intervals.bed.gz",
                "no_intervals.bed.gz.tbi",
                "pipeline_info",
                "pipeline_info/nf_core_sarek_software_mqc_versions.yml",
                "reference",
                "reports",
                "reports/bcftools",
                "reports/bcftools/freebayes",
                "reports/bcftools/freebayes/sample1",
                "reports/bcftools/freebayes/sample1/sample1.freebayes.bcftools_stats.txt",
                "reports/mosdepth",
                "reports/mosdepth/sample1",
                "reports/mosdepth/sample1/sample1.recal.mosdepth.global.dist.txt",
                "reports/mosdepth/sample1/sample1.recal.mosdepth.region.dist.txt",
                "reports/mosdepth/sample1/sample1.recal.mosdepth.summary.txt",
                "reports/mosdepth/sample1/sample1.recal.regions.bed.gz",
                "reports/mosdepth/sample1/sample1.recal.regions.bed.gz.csi",
                "reports/samtools",
                "reports/samtools/sample1",
                "reports/samtools/sample1/sample1.recal.cram.stats",
                "reports/vcftools",
                "reports/vcftools/freebayes",
                "reports/vcftools/freebayes/sample1",
                "reports/vcftools/freebayes/sample1/sample1.freebayes.FILTER.summary",
                "reports/vcftools/freebayes/sample1/sample1.freebayes.TsTv.count",
                "reports/vcftools/freebayes/sample1/sample1.freebayes.TsTv.qual",
                "variant_calling",
                "variant_calling/freebayes",
                "variant_calling/freebayes/sample1",
                "variant_calling/freebayes/sample1/sample1.freebayes.vcf.gz",
                "variant_calling/freebayes/sample1/sample1.freebayes.vcf.gz.tbi"
            ],
            [
                "bcftools-stats-subtypes.txt:md5,fca9f010453364ed240d396a2457eb14",
                "bcftools_stats_indel-lengths.txt:md5,3e4041ed1797c6d415630e4c1e6c5f85",
                "bcftools_stats_variant_depths.txt:md5,c38629ee3e955996efed90fc0ad40668",
                "bcftools_stats_vqc_Count_Indels.txt:md5,548a01da8db4385368a4b33536f1a6ed",
                "bcftools_stats_vqc_Count_SNP.txt:md5,81cf8b5f3ec4fe36b948cb506b27822e",
                "bcftools_stats_vqc_Count_Transitions.txt:md5,cb935ea87152411bdae41c3ede2d2fcf",
                "bcftools_stats_vqc_Count_Transversions.txt:md5,cd7bb6ca1b74b43a9628871d4537ca02",
                "multiqc_bcftools_stats.txt:md5,22044674f3c62b7b6140e69424b1c912",
                "multiqc_citations.txt:md5,ac2b3cf2dfb12c40837b9bbad8112d86",
                "vcftools_tstv_by_count.txt:md5,0313e3588f1dd302e45868c980248840",
                "sample1.freebayes.bcftools_stats.txt:md5,4867d9c14de6b1804cf36347f250f0b1",
                "sample1.recal.mosdepth.global.dist.txt:md5,d9a4dd6429560b2b647da346050766c5",
                "sample1.recal.mosdepth.region.dist.txt:md5,1f3dab381958e08eb00f7c5e1135f677",
                "sample1.recal.mosdepth.summary.txt:md5,d7676e7c1de851b0ee5185d21096123b",
                "sample1.recal.regions.bed.gz:md5,6edeb8f7041a4403cb73651744b5bc82",
                "sample1.recal.regions.bed.gz.csi:md5,f17cc9d960aa4a1e96548d570585cc8a",
                "sample1.recal.cram.stats:md5,bcc229318527e414e69aaa5cd092ad9b",
                "sample1.freebayes.FILTER.summary:md5,b79484442c78c7c3ffa5fcce74964241",
                "sample1.freebayes.TsTv.count:md5,d0050839b22f7dc4999265795401f854"
            ],
            [
                [
                    "sample1.freebayes.vcf.gz",
                    "c19f67669e87422986320e0033ab0d0f"
                ]
            ]
        ],
        "meta": {
            "nf-test": "0.9.2",
            "nextflow": "24.10.4"
        },
        "timestamp": "2025-03-07T17:16:12.66771759"
    },
    "-profile test --tools freebayes somatic": {
        "content": [
            8,
            {
                "Workflow": {
                    "nf-core/sarek": "v3.6.0dev"
                }
            },
            [
                "csv",
                "pipeline_info",
                "pipeline_info/nf_core_sarek_software_mqc_versions.yml",
                "reference",
                "reports",
                "reports/mosdepth",
                "reports/mosdepth/sample3",
                "reports/mosdepth/sample3/sample3.recal.mosdepth.global.dist.txt",
                "reports/mosdepth/sample3/sample3.recal.mosdepth.region.dist.txt",
                "reports/mosdepth/sample3/sample3.recal.mosdepth.summary.txt",
                "reports/mosdepth/sample3/sample3.recal.regions.bed.gz",
                "reports/mosdepth/sample3/sample3.recal.regions.bed.gz.csi",
                "reports/mosdepth/sample4",
                "reports/mosdepth/sample4/sample4.recal.mosdepth.global.dist.txt",
                "reports/mosdepth/sample4/sample4.recal.mosdepth.region.dist.txt",
                "reports/mosdepth/sample4/sample4.recal.mosdepth.summary.txt",
                "reports/mosdepth/sample4/sample4.recal.regions.bed.gz",
                "reports/mosdepth/sample4/sample4.recal.regions.bed.gz.csi",
                "reports/samtools",
                "reports/samtools/sample3",
                "reports/samtools/sample3/sample3.recal.cram.stats",
                "reports/samtools/sample4",
                "reports/samtools/sample4/sample4.recal.cram.stats"
            ],
            [
                "sample3.recal.mosdepth.global.dist.txt:md5,d9a4dd6429560b2b647da346050766c5",
                "sample3.recal.mosdepth.region.dist.txt:md5,1f3dab381958e08eb00f7c5e1135f677",
                "sample3.recal.mosdepth.summary.txt:md5,d7676e7c1de851b0ee5185d21096123b",
                "sample3.recal.regions.bed.gz:md5,6edeb8f7041a4403cb73651744b5bc82",
                "sample3.recal.regions.bed.gz.csi:md5,f17cc9d960aa4a1e96548d570585cc8a",
                "sample4.recal.mosdepth.global.dist.txt:md5,53f9ae9ab5002ffba340fa8cef7d70e4",
                "sample4.recal.mosdepth.region.dist.txt:md5,17600d21ac453506c52249cf435ad8ea",
                "sample4.recal.mosdepth.summary.txt:md5,7141030385af1f653718c9e0c9a5be80",
                "sample4.recal.regions.bed.gz:md5,c680c5d75f0cea068e3f917f4cf9bf52",
                "sample4.recal.regions.bed.gz.csi:md5,4003c8833ed5e9b9f45282a6915c935e",
                "sample3.recal.cram.stats:md5,bcc229318527e414e69aaa5cd092ad9b",
                "sample4.recal.cram.stats:md5,0d1784cb4c3f14b9858247ac6128dd03"
            ],
            [
                
            ]
        ],
        "meta": {
            "nf-test": "0.9.2",
            "nextflow": "24.10.4"
        },
        "timestamp": "2025-03-07T17:17:04.829691029"
    },
    "-profile test --tools freebayes germline": {
        "content": [
            13,
            {
                "BCFTOOLS_SORT": {
                    "bcftools": 1.2
                },
                "BCFTOOLS_STATS": {
                    "bcftools": 1.2
                },
                "FREEBAYES": {
                    "freebayes": "1.3.6"
                },
                "TABIX_VC_FREEBAYES": {
                    "tabix": 1.2
                },
                "VCFTOOLS_TSTV_COUNT": {
                    "vcftools": "0.1.16"
                },
                "Workflow": {
                    "nf-core/sarek": "v3.6.0dev"
                }
            },
            [
                "csv",
                "csv/variantcalled.csv",
                "multiqc",
                "multiqc/multiqc_data",
                "multiqc/multiqc_data/bcftools-stats-subtypes.txt",
                "multiqc/multiqc_data/bcftools_stats_indel-lengths.txt",
                "multiqc/multiqc_data/bcftools_stats_variant_depths.txt",
                "multiqc/multiqc_data/bcftools_stats_vqc_Count_Indels.txt",
                "multiqc/multiqc_data/bcftools_stats_vqc_Count_SNP.txt",
                "multiqc/multiqc_data/bcftools_stats_vqc_Count_Transitions.txt",
                "multiqc/multiqc_data/bcftools_stats_vqc_Count_Transversions.txt",
                "multiqc/multiqc_data/multiqc.log",
                "multiqc/multiqc_data/multiqc_bcftools_stats.txt",
                "multiqc/multiqc_data/multiqc_citations.txt",
                "multiqc/multiqc_data/multiqc_data.json",
                "multiqc/multiqc_data/multiqc_general_stats.txt",
                "multiqc/multiqc_data/multiqc_software_versions.txt",
                "multiqc/multiqc_data/multiqc_sources.txt",
                "multiqc/multiqc_data/vcftools_tstv_by_count.txt",
                "multiqc/multiqc_data/vcftools_tstv_by_qual.txt",
                "multiqc/multiqc_plots",
                "multiqc/multiqc_plots/pdf",
                "multiqc/multiqc_plots/pdf/bcftools-stats-subtypes-cnt.pdf",
                "multiqc/multiqc_plots/pdf/bcftools-stats-subtypes-pct.pdf",
                "multiqc/multiqc_plots/pdf/bcftools_stats_indel-lengths.pdf",
                "multiqc/multiqc_plots/pdf/bcftools_stats_variant_depths.pdf",
                "multiqc/multiqc_plots/pdf/bcftools_stats_vqc_Count_Indels.pdf",
                "multiqc/multiqc_plots/pdf/bcftools_stats_vqc_Count_SNP.pdf",
                "multiqc/multiqc_plots/pdf/bcftools_stats_vqc_Count_Transitions.pdf",
                "multiqc/multiqc_plots/pdf/bcftools_stats_vqc_Count_Transversions.pdf",
                "multiqc/multiqc_plots/pdf/general_stats_table.pdf",
                "multiqc/multiqc_plots/pdf/vcftools_tstv_by_count.pdf",
                "multiqc/multiqc_plots/pdf/vcftools_tstv_by_qual.pdf",
                "multiqc/multiqc_plots/png",
                "multiqc/multiqc_plots/png/bcftools-stats-subtypes-cnt.png",
                "multiqc/multiqc_plots/png/bcftools-stats-subtypes-pct.png",
                "multiqc/multiqc_plots/png/bcftools_stats_indel-lengths.png",
                "multiqc/multiqc_plots/png/bcftools_stats_variant_depths.png",
                "multiqc/multiqc_plots/png/bcftools_stats_vqc_Count_Indels.png",
                "multiqc/multiqc_plots/png/bcftools_stats_vqc_Count_SNP.png",
                "multiqc/multiqc_plots/png/bcftools_stats_vqc_Count_Transitions.png",
                "multiqc/multiqc_plots/png/bcftools_stats_vqc_Count_Transversions.png",
                "multiqc/multiqc_plots/png/general_stats_table.png",
                "multiqc/multiqc_plots/png/vcftools_tstv_by_count.png",
                "multiqc/multiqc_plots/png/vcftools_tstv_by_qual.png",
                "multiqc/multiqc_plots/svg",
                "multiqc/multiqc_plots/svg/bcftools-stats-subtypes-cnt.svg",
                "multiqc/multiqc_plots/svg/bcftools-stats-subtypes-pct.svg",
                "multiqc/multiqc_plots/svg/bcftools_stats_indel-lengths.svg",
                "multiqc/multiqc_plots/svg/bcftools_stats_variant_depths.svg",
                "multiqc/multiqc_plots/svg/bcftools_stats_vqc_Count_Indels.svg",
                "multiqc/multiqc_plots/svg/bcftools_stats_vqc_Count_SNP.svg",
                "multiqc/multiqc_plots/svg/bcftools_stats_vqc_Count_Transitions.svg",
                "multiqc/multiqc_plots/svg/bcftools_stats_vqc_Count_Transversions.svg",
                "multiqc/multiqc_plots/svg/general_stats_table.svg",
                "multiqc/multiqc_plots/svg/vcftools_tstv_by_count.svg",
                "multiqc/multiqc_plots/svg/vcftools_tstv_by_qual.svg",
                "multiqc/multiqc_report.html",
                "pipeline_info",
                "pipeline_info/nf_core_sarek_software_mqc_versions.yml",
                "reference",
                "reports",
                "reports/bcftools",
                "reports/bcftools/freebayes",
                "reports/bcftools/freebayes/sample1",
                "reports/bcftools/freebayes/sample1/sample1.freebayes.bcftools_stats.txt",
                "reports/mosdepth",
                "reports/mosdepth/sample1",
                "reports/mosdepth/sample1/sample1.recal.mosdepth.global.dist.txt",
                "reports/mosdepth/sample1/sample1.recal.mosdepth.region.dist.txt",
                "reports/mosdepth/sample1/sample1.recal.mosdepth.summary.txt",
                "reports/mosdepth/sample1/sample1.recal.regions.bed.gz",
                "reports/mosdepth/sample1/sample1.recal.regions.bed.gz.csi",
                "reports/samtools",
                "reports/samtools/sample1",
                "reports/samtools/sample1/sample1.recal.cram.stats",
                "reports/vcftools",
                "reports/vcftools/freebayes",
                "reports/vcftools/freebayes/sample1",
                "reports/vcftools/freebayes/sample1/sample1.freebayes.FILTER.summary",
                "reports/vcftools/freebayes/sample1/sample1.freebayes.TsTv.count",
                "reports/vcftools/freebayes/sample1/sample1.freebayes.TsTv.qual",
                "variant_calling",
                "variant_calling/freebayes",
                "variant_calling/freebayes/sample1",
                "variant_calling/freebayes/sample1/sample1.freebayes.vcf.gz",
                "variant_calling/freebayes/sample1/sample1.freebayes.vcf.gz.tbi"
            ],
            [
                "bcftools-stats-subtypes.txt:md5,90b30ed0e879a45dd61bb22f6e4ec13d",
                "bcftools_stats_indel-lengths.txt:md5,3e4041ed1797c6d415630e4c1e6c5f85",
                "bcftools_stats_variant_depths.txt:md5,b97ba04160e51b69659c38b3b505e6bb",
                "bcftools_stats_vqc_Count_Indels.txt:md5,f3eb229c2bbdaf285bb41f5625fd119d",
                "bcftools_stats_vqc_Count_SNP.txt:md5,7c89388decc1b9656523777b679faae0",
                "bcftools_stats_vqc_Count_Transitions.txt:md5,60853fd3d2343d246cd4828296f56742",
                "bcftools_stats_vqc_Count_Transversions.txt:md5,cc4e9eff868b28eef450b442f80e095d",
                "multiqc_bcftools_stats.txt:md5,53f096cd43b3854dafc3751b1739fd8e",
                "multiqc_citations.txt:md5,ac2b3cf2dfb12c40837b9bbad8112d86",
                "vcftools_tstv_by_count.txt:md5,d1049be37be8332836b68caf5f977f25",
                "sample1.freebayes.bcftools_stats.txt:md5,75023645d51f2aeb25381cdf1b79f4cf",
                "sample1.recal.mosdepth.global.dist.txt:md5,d9a4dd6429560b2b647da346050766c5",
                "sample1.recal.mosdepth.region.dist.txt:md5,1f3dab381958e08eb00f7c5e1135f677",
                "sample1.recal.mosdepth.summary.txt:md5,d7676e7c1de851b0ee5185d21096123b",
                "sample1.recal.regions.bed.gz:md5,6edeb8f7041a4403cb73651744b5bc82",
                "sample1.recal.regions.bed.gz.csi:md5,f17cc9d960aa4a1e96548d570585cc8a",
                "sample1.recal.cram.stats:md5,bcc229318527e414e69aaa5cd092ad9b",
                "sample1.freebayes.FILTER.summary:md5,952e6d5ced3fdf16cc14f118c76c1f50",
                "sample1.freebayes.TsTv.count:md5,e4c1b624ba312e5b517222bc97fd05ce"
            ],
            [
                [
                    "sample1.freebayes.vcf.gz",
                    "eb7fd2c79d565eb472e3238e3e7210e"
                ]
            ]
        ],
        "meta": {
            "nf-test": "0.9.2",
            "nextflow": "24.10.4"
        },
        "timestamp": "2025-03-07T17:15:07.581656228"
    },
    "-profile test --tools freebayes tumoronly stub": {
        "content": [
            4,
            {
                "Workflow": {
                    "nf-core/sarek": "v3.6.0dev"
                }
            },
            [
                "csv",
                "pipeline_info",
                "pipeline_info/nf_core_sarek_software_mqc_versions.yml",
                "reference",
                "reports",
                "reports/mosdepth",
                "reports/mosdepth/sample2",
                "reports/mosdepth/sample2/sample2.recal.global.dist.txt",
                "reports/mosdepth/sample2/sample2.recal.per-base.bed.gz",
                "reports/mosdepth/sample2/sample2.recal.per-base.bed.gz.csi",
                "reports/mosdepth/sample2/sample2.recal.per-base.d4",
                "reports/mosdepth/sample2/sample2.recal.quantized.bed.gz",
                "reports/mosdepth/sample2/sample2.recal.quantized.bed.gz.csi",
                "reports/mosdepth/sample2/sample2.recal.region.dist.txt",
                "reports/mosdepth/sample2/sample2.recal.regions.bed.gz",
                "reports/mosdepth/sample2/sample2.recal.regions.bed.gz.csi",
                "reports/mosdepth/sample2/sample2.recal.summary.txt",
                "reports/mosdepth/sample2/sample2.recal.thresholds.bed.gz",
                "reports/mosdepth/sample2/sample2.recal.thresholds.bed.gz.csi",
                "reports/samtools",
                "reports/samtools/sample2",
                "reports/samtools/sample2/sample2.recal.cram.stats"
            ],
            [
                "sample2.recal.global.dist.txt:md5,d41d8cd98f00b204e9800998ecf8427e",
                "sample2.recal.per-base.bed.gz:md5,68b329da9893e34099c7d8ad5cb9c940",
                "sample2.recal.per-base.bed.gz.csi:md5,d41d8cd98f00b204e9800998ecf8427e",
                "sample2.recal.per-base.d4:md5,d41d8cd98f00b204e9800998ecf8427e",
                "sample2.recal.quantized.bed.gz:md5,68b329da9893e34099c7d8ad5cb9c940",
                "sample2.recal.quantized.bed.gz.csi:md5,d41d8cd98f00b204e9800998ecf8427e",
                "sample2.recal.region.dist.txt:md5,d41d8cd98f00b204e9800998ecf8427e",
                "sample2.recal.regions.bed.gz:md5,68b329da9893e34099c7d8ad5cb9c940",
                "sample2.recal.regions.bed.gz.csi:md5,d41d8cd98f00b204e9800998ecf8427e",
                "sample2.recal.summary.txt:md5,d41d8cd98f00b204e9800998ecf8427e",
                "sample2.recal.thresholds.bed.gz:md5,68b329da9893e34099c7d8ad5cb9c940",
                "sample2.recal.thresholds.bed.gz.csi:md5,d41d8cd98f00b204e9800998ecf8427e",
                "sample2.recal.cram.stats:md5,d41d8cd98f00b204e9800998ecf8427e"
            ]
        ],
        "meta": {
            "nf-test": "0.9.2",
            "nextflow": "24.10.4"
        },
        "timestamp": "2025-03-07T17:24:34.875837328"
    },
    "-profile test --tools freebayes --no_intervals tumoronly": {
        "content": [
            11,
            {
                "BCFTOOLS_SORT": {
                    "bcftools": 1.2
                },
                "BCFTOOLS_STATS": {
                    "bcftools": 1.2
                },
                "FREEBAYES": {
                    "freebayes": "1.3.6"
                },
                "TABIX_VC_FREEBAYES": {
                    "tabix": 1.2
                },
                "VCFTOOLS_TSTV_COUNT": {
                    "vcftools": "0.1.16"
                },
                "Workflow": {
                    "nf-core/sarek": "v3.6.0dev"
                }
            },
            [
                "csv",
                "csv/variantcalled.csv",
                "multiqc",
                "multiqc/multiqc_data",
                "multiqc/multiqc_data/bcftools-stats-subtypes.txt",
                "multiqc/multiqc_data/bcftools_stats_indel-lengths.txt",
                "multiqc/multiqc_data/bcftools_stats_variant_depths.txt",
                "multiqc/multiqc_data/bcftools_stats_vqc_Count_Indels.txt",
                "multiqc/multiqc_data/bcftools_stats_vqc_Count_SNP.txt",
                "multiqc/multiqc_data/bcftools_stats_vqc_Count_Transitions.txt",
                "multiqc/multiqc_data/bcftools_stats_vqc_Count_Transversions.txt",
                "multiqc/multiqc_data/multiqc.log",
                "multiqc/multiqc_data/multiqc_bcftools_stats.txt",
                "multiqc/multiqc_data/multiqc_citations.txt",
                "multiqc/multiqc_data/multiqc_data.json",
                "multiqc/multiqc_data/multiqc_general_stats.txt",
                "multiqc/multiqc_data/multiqc_software_versions.txt",
                "multiqc/multiqc_data/multiqc_sources.txt",
                "multiqc/multiqc_data/vcftools_tstv_by_count.txt",
                "multiqc/multiqc_data/vcftools_tstv_by_qual.txt",
                "multiqc/multiqc_plots",
                "multiqc/multiqc_plots/pdf",
                "multiqc/multiqc_plots/pdf/bcftools-stats-subtypes-cnt.pdf",
                "multiqc/multiqc_plots/pdf/bcftools-stats-subtypes-pct.pdf",
                "multiqc/multiqc_plots/pdf/bcftools_stats_indel-lengths.pdf",
                "multiqc/multiqc_plots/pdf/bcftools_stats_variant_depths.pdf",
                "multiqc/multiqc_plots/pdf/bcftools_stats_vqc_Count_Indels.pdf",
                "multiqc/multiqc_plots/pdf/bcftools_stats_vqc_Count_SNP.pdf",
                "multiqc/multiqc_plots/pdf/bcftools_stats_vqc_Count_Transitions.pdf",
                "multiqc/multiqc_plots/pdf/bcftools_stats_vqc_Count_Transversions.pdf",
                "multiqc/multiqc_plots/pdf/general_stats_table.pdf",
                "multiqc/multiqc_plots/pdf/vcftools_tstv_by_count.pdf",
                "multiqc/multiqc_plots/pdf/vcftools_tstv_by_qual.pdf",
                "multiqc/multiqc_plots/png",
                "multiqc/multiqc_plots/png/bcftools-stats-subtypes-cnt.png",
                "multiqc/multiqc_plots/png/bcftools-stats-subtypes-pct.png",
                "multiqc/multiqc_plots/png/bcftools_stats_indel-lengths.png",
                "multiqc/multiqc_plots/png/bcftools_stats_variant_depths.png",
                "multiqc/multiqc_plots/png/bcftools_stats_vqc_Count_Indels.png",
                "multiqc/multiqc_plots/png/bcftools_stats_vqc_Count_SNP.png",
                "multiqc/multiqc_plots/png/bcftools_stats_vqc_Count_Transitions.png",
                "multiqc/multiqc_plots/png/bcftools_stats_vqc_Count_Transversions.png",
                "multiqc/multiqc_plots/png/general_stats_table.png",
                "multiqc/multiqc_plots/png/vcftools_tstv_by_count.png",
                "multiqc/multiqc_plots/png/vcftools_tstv_by_qual.png",
                "multiqc/multiqc_plots/svg",
                "multiqc/multiqc_plots/svg/bcftools-stats-subtypes-cnt.svg",
                "multiqc/multiqc_plots/svg/bcftools-stats-subtypes-pct.svg",
                "multiqc/multiqc_plots/svg/bcftools_stats_indel-lengths.svg",
                "multiqc/multiqc_plots/svg/bcftools_stats_variant_depths.svg",
                "multiqc/multiqc_plots/svg/bcftools_stats_vqc_Count_Indels.svg",
                "multiqc/multiqc_plots/svg/bcftools_stats_vqc_Count_SNP.svg",
                "multiqc/multiqc_plots/svg/bcftools_stats_vqc_Count_Transitions.svg",
                "multiqc/multiqc_plots/svg/bcftools_stats_vqc_Count_Transversions.svg",
                "multiqc/multiqc_plots/svg/general_stats_table.svg",
                "multiqc/multiqc_plots/svg/vcftools_tstv_by_count.svg",
                "multiqc/multiqc_plots/svg/vcftools_tstv_by_qual.svg",
                "multiqc/multiqc_report.html",
                "no_intervals.bed",
                "no_intervals.bed.gz",
                "no_intervals.bed.gz.tbi",
                "pipeline_info",
                "pipeline_info/nf_core_sarek_software_mqc_versions.yml",
                "reference",
                "reports",
                "reports/bcftools",
                "reports/bcftools/freebayes",
                "reports/bcftools/freebayes/sample2",
                "reports/bcftools/freebayes/sample2/sample2.freebayes.bcftools_stats.txt",
                "reports/mosdepth",
                "reports/mosdepth/sample2",
                "reports/mosdepth/sample2/sample2.recal.mosdepth.global.dist.txt",
                "reports/mosdepth/sample2/sample2.recal.mosdepth.summary.txt",
                "reports/mosdepth/sample2/sample2.recal.per-base.bed.gz",
                "reports/mosdepth/sample2/sample2.recal.per-base.bed.gz.csi",
                "reports/samtools",
                "reports/samtools/sample2",
                "reports/samtools/sample2/sample2.recal.cram.stats",
                "reports/vcftools",
                "reports/vcftools/freebayes",
                "reports/vcftools/freebayes/sample2",
                "reports/vcftools/freebayes/sample2/sample2.freebayes.FILTER.summary",
                "reports/vcftools/freebayes/sample2/sample2.freebayes.TsTv.count",
                "reports/vcftools/freebayes/sample2/sample2.freebayes.TsTv.qual",
                "variant_calling",
                "variant_calling/freebayes",
                "variant_calling/freebayes/sample2",
                "variant_calling/freebayes/sample2/sample2.freebayes.vcf.gz",
                "variant_calling/freebayes/sample2/sample2.freebayes.vcf.gz.tbi"
            ],
            [
                "bcftools-stats-subtypes.txt:md5,e4d7eeeaa47bb59b3a3337e976b6e788",
                "bcftools_stats_indel-lengths.txt:md5,654daf97f90303e750ceb161a51acf0b",
                "bcftools_stats_variant_depths.txt:md5,ffbe1929e140bef978785b8f2e6c01c8",
                "bcftools_stats_vqc_Count_Indels.txt:md5,364a2436eedbdd51dcff83301c5cab9d",
                "bcftools_stats_vqc_Count_SNP.txt:md5,d891cc2cdfcd384fa68908d4ba063b31",
                "bcftools_stats_vqc_Count_Transitions.txt:md5,7e7880eb68a9f0088fa7a443226f40e8",
                "bcftools_stats_vqc_Count_Transversions.txt:md5,1295e3ce82d74d3a35bafb2bc89e04d3",
                "multiqc_bcftools_stats.txt:md5,98aa637299e480e30db461c295553d17",
                "multiqc_citations.txt:md5,ac2b3cf2dfb12c40837b9bbad8112d86",
                "vcftools_tstv_by_count.txt:md5,3e9717ae9fe4c73ed95388afed66b550",
                "sample2.freebayes.bcftools_stats.txt:md5,8ff00f5f0b238ea63c9199b9742d0692",
                "sample2.recal.mosdepth.global.dist.txt:md5,f2dcd00a64947c49e8e4b93c2f4fbf27",
                "sample2.recal.mosdepth.summary.txt:md5,0a7300e56eda6fba7c7564f00aa000f0",
                "sample2.recal.per-base.bed.gz:md5,39a1bc436aa8546c26faedbe94cb676c",
                "sample2.recal.per-base.bed.gz.csi:md5,aaa7bed9e7ef873b23bca249b8b58eb9",
                "sample2.recal.cram.stats:md5,0d1784cb4c3f14b9858247ac6128dd03",
                "sample2.freebayes.FILTER.summary:md5,ee513ecf779b6e201b8ef98f95f25aab",
                "sample2.freebayes.TsTv.count:md5,2dc153ad5af26c9f8aa82442bf65b4bf"
            ]
        ],
        "meta": {
            "nf-test": "0.9.2",
            "nextflow": "24.10.4"
        },
        "timestamp": "2025-03-07T17:23:39.002994158"
    }
}